Component: ARM Compiler 6.12 Tool: armlink [5d624300]

==============================================================================

Section Cross References

    main.o(.text.main) refers to system.o(.text.system_init) for system_init
    main.o(.text.main) refers to taskled.o(.text.led_init) for led_init
    main.o(.text.main) refers to taskuart.o(.text.uart_task) for uart_task
    main.o(.text.main) refers to taskled.o(.text.led_task) for led_task
    main.o(.ARM.exidx.text.main) refers to main.o(.text.main) for [Anonymous Symbol]
    system.o(.text.SysTick_Handler) refers to system.o(.bss.SysTickVar) for SysTickVar
    system.o(.ARM.exidx.text.SysTick_Handler) refers to system.o(.text.SysTick_Handler) for [Anonymous Symbol]
    system.o(.text.system_getTick) refers to system.o(.bss.SysTickVar) for SysTickVar
    system.o(.ARM.exidx.text.system_getTick) refers to system.o(.text.system_getTick) for [Anonymous Symbol]
    system.o(.text.system_init) refers to system_stm32f4xx.o(.text.SystemCoreClockUpdate) for SystemCoreClockUpdate
    system.o(.text.system_init) refers to system_stm32f4xx.o(.data.SystemCoreClock) for SystemCoreClock
    system.o(.text.system_init) refers to system.o(.text.SysTick_Config) for SysTick_Config
    system.o(.text.system_init) refers to system.o(.text.__NVIC_SetPriority) for __NVIC_SetPriority
    system.o(.ARM.exidx.text.system_init) refers to system.o(.text.system_init) for [Anonymous Symbol]
    system.o(.text.SysTick_Config) refers to system.o(.text.__NVIC_SetPriority) for __NVIC_SetPriority
    system.o(.ARM.exidx.text.SysTick_Config) refers to system.o(.text.SysTick_Config) for [Anonymous Symbol]
    system.o(.ARM.exidx.text.__NVIC_SetPriority) refers to system.o(.text.__NVIC_SetPriority) for [Anonymous Symbol]
    taskuart.o(.text.USART1_IRQHandler) refers to taskuart.o(.bss.uartRxChar) for uartRxChar
    taskuart.o(.text.USART1_IRQHandler) refers to taskuart.o(.bss.uart_data_index) for uart_data_index
    taskuart.o(.text.USART1_IRQHandler) refers to taskuart.o(.bss.uart_data) for uart_data
    taskuart.o(.text.USART1_IRQHandler) refers to taskuart.o(.bss.uart_data_ready) for uart_data_ready
    taskuart.o(.text.USART1_IRQHandler) refers to taskuart.o(.rodata.str1.1) for .L.str
    taskuart.o(.text.USART1_IRQHandler) refers to strstr.o(.text) for strstr
    taskuart.o(.text.USART1_IRQHandler) refers to taskuart.o(.text.uart_setState) for uart_setState
    taskuart.o(.text.USART1_IRQHandler) refers to taskled.o(.text.led_setState) for led_setState
    taskuart.o(.text.USART1_IRQHandler) refers to sscanf.o(.text) for sscanf
    taskuart.o(.text.USART1_IRQHandler) refers to taskled.o(.text.led_setOnTime) for led_setOnTime
    taskuart.o(.text.USART1_IRQHandler) refers to taskled.o(.text.led_setOffTime) for led_setOffTime
    taskuart.o(.ARM.exidx.text.USART1_IRQHandler) refers to taskuart.o(.text.USART1_IRQHandler) for [Anonymous Symbol]
    taskuart.o(.text.uart_setState) refers to taskuart.o(.bss.uart_taskState) for uart_taskState
    taskuart.o(.ARM.exidx.text.uart_setState) refers to taskuart.o(.text.uart_setState) for [Anonymous Symbol]
    taskuart.o(.text.uart_init) refers to system_stm32f4xx.o(.data.SystemCoreClock) for SystemCoreClock
    taskuart.o(.text.uart_init) refers to dfltui.o(.text) for __aeabi_ui2d
    taskuart.o(.text.uart_init) refers to dmul.o(.text) for __aeabi_dmul
    taskuart.o(.text.uart_init) refers to ddiv.o(.text) for __aeabi_ddiv
    taskuart.o(.text.uart_init) refers to d2f.o(.text) for __aeabi_d2f
    taskuart.o(.text.uart_init) refers to ffixui.o(.text) for __aeabi_f2uiz
    taskuart.o(.text.uart_init) refers to fflti.o(.text) for __aeabi_i2f
    taskuart.o(.text.uart_init) refers to fadd.o(.text) for __aeabi_fsub
    taskuart.o(.text.uart_init) refers to f2d.o(.text) for __aeabi_f2d
    taskuart.o(.text.uart_init) refers to roundf.o(i.roundf) for roundf
    taskuart.o(.text.uart_init) refers to taskuart.o(.text.__NVIC_SetPriorityGrouping) for __NVIC_SetPriorityGrouping
    taskuart.o(.text.uart_init) refers to taskuart.o(.text.__NVIC_SetPriority) for __NVIC_SetPriority
    taskuart.o(.text.uart_init) refers to taskuart.o(.text.__NVIC_EnableIRQ) for __NVIC_EnableIRQ
    taskuart.o(.ARM.exidx.text.uart_init) refers to taskuart.o(.text.uart_init) for [Anonymous Symbol]
    taskuart.o(.ARM.exidx.text.__NVIC_SetPriorityGrouping) refers to taskuart.o(.text.__NVIC_SetPriorityGrouping) for [Anonymous Symbol]
    taskuart.o(.ARM.exidx.text.__NVIC_SetPriority) refers to taskuart.o(.text.__NVIC_SetPriority) for [Anonymous Symbol]
    taskuart.o(.ARM.exidx.text.__NVIC_EnableIRQ) refers to taskuart.o(.text.__NVIC_EnableIRQ) for [Anonymous Symbol]
    taskuart.o(.text.uart_task) refers to taskuart.o(.bss.uart_taskState) for uart_taskState
    taskuart.o(.text.uart_task) refers to taskuart.o(.text.uart_init) for uart_init
    taskuart.o(.ARM.exidx.text.uart_task) refers to taskuart.o(.text.uart_task) for [Anonymous Symbol]
    taskled.o(.text.led_init) refers to taskled.o(.text.led_off) for led_off
    taskled.o(.ARM.exidx.text.led_init) refers to taskled.o(.text.led_init) for [Anonymous Symbol]
    taskled.o(.ARM.exidx.text.led_off) refers to taskled.o(.text.led_off) for [Anonymous Symbol]
    taskled.o(.text.led_setState) refers to taskled.o(.data.led_taskState) for led_taskState
    taskled.o(.ARM.exidx.text.led_setState) refers to taskled.o(.text.led_setState) for [Anonymous Symbol]
    taskled.o(.text.led_setOnTime) refers to taskled.o(.data.led_onTime) for led_onTime
    taskled.o(.ARM.exidx.text.led_setOnTime) refers to taskled.o(.text.led_setOnTime) for [Anonymous Symbol]
    taskled.o(.text.led_setOffTime) refers to taskled.o(.data.led_offTime) for led_offTime
    taskled.o(.ARM.exidx.text.led_setOffTime) refers to taskled.o(.text.led_setOffTime) for [Anonymous Symbol]
    taskled.o(.ARM.exidx.text.led_on) refers to taskled.o(.text.led_on) for [Anonymous Symbol]
    taskled.o(.ARM.exidx.text.led_toggle) refers to taskled.o(.text.led_toggle) for [Anonymous Symbol]
    taskled.o(.text.led_task) refers to system.o(.text.system_getTick) for system_getTick
    taskled.o(.text.led_task) refers to taskled.o(.bss.led_task.lastCall) for led_task.lastCall
    taskled.o(.text.led_task) refers to taskled.o(.bss.led_task.waitTime) for led_task.waitTime
    taskled.o(.text.led_task) refers to taskled.o(.data.led_taskState) for led_taskState
    taskled.o(.text.led_task) refers to taskled.o(.text.led_toggle) for led_toggle
    taskled.o(.text.led_task) refers to taskled.o(.text.led_on) for led_on
    taskled.o(.text.led_task) refers to taskled.o(.data.led_onTime) for led_onTime
    taskled.o(.text.led_task) refers to taskled.o(.text.led_off) for led_off
    taskled.o(.text.led_task) refers to taskled.o(.data.led_offTime) for led_offTime
    taskled.o(.ARM.exidx.text.led_task) refers to taskled.o(.text.led_task) for [Anonymous Symbol]
    startup_stm32f429xx.o(RESET) refers to startup_stm32f429xx.o(STACK) for __initial_sp
    startup_stm32f429xx.o(RESET) refers to startup_stm32f429xx.o(.text) for Reset_Handler
    startup_stm32f429xx.o(RESET) refers to system.o(.text.SysTick_Handler) for SysTick_Handler
    startup_stm32f429xx.o(RESET) refers to taskuart.o(.text.USART1_IRQHandler) for USART1_IRQHandler
    startup_stm32f429xx.o(.text) refers to system_stm32f4xx.o(.text.SystemInit) for SystemInit
    startup_stm32f429xx.o(.text) refers to entry.o(.ARM.Collect$$$$00000000) for __main
    system_stm32f4xx.o(.ARM.exidx.text.SystemInit) refers to system_stm32f4xx.o(.text.SystemInit) for [Anonymous Symbol]
    system_stm32f4xx.o(.text.SystemCoreClockUpdate) refers to system_stm32f4xx.o(.data.SystemCoreClock) for SystemCoreClock
    system_stm32f4xx.o(.text.SystemCoreClockUpdate) refers to system_stm32f4xx.o(.rodata.AHBPrescTable) for AHBPrescTable
    system_stm32f4xx.o(.ARM.exidx.text.SystemCoreClockUpdate) refers to system_stm32f4xx.o(.text.SystemCoreClockUpdate) for [Anonymous Symbol]
    roundf.o(i.roundf) refers (Special) to iusefp.o(.text) for __I$use$fp
    roundf.o(i.roundf) refers to frnd.o(.text) for _frnd
    roundf.o(i.roundf) refers to fadd.o(.text) for __aeabi_fsub
    entry.o(.ARM.Collect$$$$00000000) refers (Special) to entry10a.o(.ARM.Collect$$$$0000000D) for __rt_final_cpp
    entry.o(.ARM.Collect$$$$00000000) refers (Special) to entry11a.o(.ARM.Collect$$$$0000000F) for __rt_final_exit
    entry.o(.ARM.Collect$$$$00000000) refers (Special) to entry7b.o(.ARM.Collect$$$$00000008) for _main_clock
    entry.o(.ARM.Collect$$$$00000000) refers (Special) to entry8b.o(.ARM.Collect$$$$0000000A) for _main_cpp_init
    entry.o(.ARM.Collect$$$$00000000) refers (Special) to entry9a.o(.ARM.Collect$$$$0000000B) for _main_init
    entry.o(.ARM.Collect$$$$00000000) refers (Special) to entry5.o(.ARM.Collect$$$$00000004) for _main_scatterload
    entry.o(.ARM.Collect$$$$00000000) refers (Special) to entry2.o(.ARM.Collect$$$$00000001) for _main_stk
    sscanf.o(.text) refers (Special) to _scanf_int.o(.text) for _scanf_int
    sscanf.o(.text) refers (Special) to _scanf_longlong.o(.text) for _scanf_longlong
    sscanf.o(.text) refers (Special) to scanf_fp.o(.text) for _scanf_real
    sscanf.o(.text) refers (Special) to _scanf_str.o(.text) for _scanf_string
    sscanf.o(.text) refers to scanf_char.o(.text) for __vfscanf_char
    sscanf.o(.text) refers to _sgetc.o(.text) for _sgetc
    fadd.o(.text) refers (Special) to iusefp.o(.text) for __I$use$fp
    fadd.o(.text) refers to fepilogue.o(.text) for _float_epilogue
    dmul.o(.text) refers (Special) to iusefp.o(.text) for __I$use$fp
    dmul.o(.text) refers to depilogue.o(.text) for _double_epilogue
    ddiv.o(.text) refers (Special) to iusefp.o(.text) for __I$use$fp
    ddiv.o(.text) refers to depilogue.o(.text) for _double_round
    fflti.o(.text) refers (Special) to iusefp.o(.text) for __I$use$fp
    fflti.o(.text) refers to fepilogue.o(.text) for _float_epilogue
    dfltui.o(.text) refers (Special) to iusefp.o(.text) for __I$use$fp
    dfltui.o(.text) refers to depilogue.o(.text) for _double_epilogue
    ffixui.o(.text) refers (Special) to iusefp.o(.text) for __I$use$fp
    f2d.o(.text) refers (Special) to iusefp.o(.text) for __I$use$fp
    d2f.o(.text) refers (Special) to iusefp.o(.text) for __I$use$fp
    d2f.o(.text) refers to fepilogue.o(.text) for _float_round
    entry2.o(.ARM.Collect$$$$00000001) refers to entry2.o(.ARM.Collect$$$$00002712) for __lit__00000000
    entry2.o(.ARM.Collect$$$$00002712) refers to startup_stm32f429xx.o(STACK) for __initial_sp
    entry2.o(__vectab_stack_and_reset_area) refers to startup_stm32f429xx.o(STACK) for __initial_sp
    entry2.o(__vectab_stack_and_reset_area) refers to entry.o(.ARM.Collect$$$$00000000) for __main
    entry5.o(.ARM.Collect$$$$00000004) refers to init.o(.text) for __scatterload
    entry9a.o(.ARM.Collect$$$$0000000B) refers to main.o(.text.main) for main
    entry9b.o(.ARM.Collect$$$$0000000C) refers to main.o(.text.main) for main
    _scanf_longlong.o(.text) refers to _chval.o(.text) for _chval
    _scanf_int.o(.text) refers to _chval.o(.text) for _chval
    scanf_fp.o(.text) refers (Special) to iusefp.o(.text) for __I$use$fp
    scanf_fp.o(.text) refers to dfltul.o(.text) for __aeabi_ul2d
    scanf_fp.o(.text) refers to dmul.o(.text) for __aeabi_dmul
    scanf_fp.o(.text) refers to ddiv.o(.text) for __aeabi_ddiv
    scanf_fp.o(.text) refers to scanf_fp.o(i._is_digit) for _is_digit
    scanf_fp.o(.text) refers to d2f.o(.text) for __aeabi_d2f
    scanf_char.o(.text) refers to _scanf.o(.text) for __vfscanf
    scanf_char.o(.text) refers to isspace_c.o(.text) for isspace
    fepilogue.o(.text) refers (Special) to iusefp.o(.text) for __I$use$fp
    frnd.o(.text) refers (Special) to iusefp.o(.text) for __I$use$fp
    frnd.o(.text) refers to fepilogue.o(.text) for _float_round
    depilogue.o(.text) refers (Special) to iusefp.o(.text) for __I$use$fp
    depilogue.o(.text) refers to llshl.o(.text) for __aeabi_llsl
    depilogue.o(.text) refers to llushr.o(.text) for __aeabi_llsr
    init.o(.text) refers to entry5.o(.ARM.Collect$$$$00000004) for __main_after_scatterload
    isspace_c.o(.text) refers to ctype_c.o(.text) for __ctype_lookup
    _scanf.o(.text) refers (Weak) to scanf_fp.o(.text) for _scanf_real
    _scanf.o(.text) refers (Weak) to _scanf_longlong.o(.text) for _scanf_longlong
    _scanf.o(.text) refers (Weak) to _scanf_int.o(.text) for _scanf_int
    _scanf.o(.text) refers (Weak) to _scanf_str.o(.text) for _scanf_string
    dfltul.o(.text) refers (Special) to iusefp.o(.text) for __I$use$fp
    dfltul.o(.text) refers to depilogue.o(.text) for _double_epilogue
    ctype_c.o(.text) refers to ctype_c.o(.constdata) for .constdata
    scanf_fp.o(i._is_digit) refers (Special) to iusefp.o(.text) for __I$use$fp


==============================================================================

Removing Unused input sections from the image.

    Removing main.o(.text), (0 bytes).
    Removing main.o(.ARM.exidx.text.main), (8 bytes).
    Removing system.o(.text), (0 bytes).
    Removing system.o(.ARM.exidx.text.SysTick_Handler), (8 bytes).
    Removing system.o(.ARM.exidx.text.system_getTick), (8 bytes).
    Removing system.o(.ARM.exidx.text.system_init), (8 bytes).
    Removing system.o(.ARM.exidx.text.SysTick_Config), (8 bytes).
    Removing system.o(.ARM.exidx.text.__NVIC_SetPriority), (8 bytes).
    Removing taskuart.o(.text), (0 bytes).
    Removing taskuart.o(.ARM.exidx.text.USART1_IRQHandler), (8 bytes).
    Removing taskuart.o(.ARM.exidx.text.uart_setState), (8 bytes).
    Removing taskuart.o(.ARM.exidx.text.uart_init), (8 bytes).
    Removing taskuart.o(.ARM.exidx.text.__NVIC_SetPriorityGrouping), (8 bytes).
    Removing taskuart.o(.ARM.exidx.text.__NVIC_SetPriority), (8 bytes).
    Removing taskuart.o(.ARM.exidx.text.__NVIC_EnableIRQ), (8 bytes).
    Removing taskuart.o(.ARM.exidx.text.uart_task), (8 bytes).
    Removing taskled.o(.text), (0 bytes).
    Removing taskled.o(.ARM.exidx.text.led_init), (8 bytes).
    Removing taskled.o(.ARM.exidx.text.led_off), (8 bytes).
    Removing taskled.o(.ARM.exidx.text.led_setState), (8 bytes).
    Removing taskled.o(.ARM.exidx.text.led_setOnTime), (8 bytes).
    Removing taskled.o(.ARM.exidx.text.led_setOffTime), (8 bytes).
    Removing taskled.o(.ARM.exidx.text.led_on), (8 bytes).
    Removing taskled.o(.ARM.exidx.text.led_toggle), (8 bytes).
    Removing taskled.o(.ARM.exidx.text.led_task), (8 bytes).
    Removing startup_stm32f429xx.o(HEAP), (512 bytes).
    Removing system_stm32f4xx.o(.text), (0 bytes).
    Removing system_stm32f4xx.o(.ARM.exidx.text.SystemInit), (8 bytes).
    Removing system_stm32f4xx.o(.ARM.exidx.text.SystemCoreClockUpdate), (8 bytes).
    Removing system_stm32f4xx.o(.rodata.APBPrescTable), (8 bytes).

30 unused section(s) (total 704 bytes) removed from the image.

==============================================================================

Image Symbol Table

    Local Symbols

    Symbol Name                              Value     Ov Type        Size  Object(Section)

    ../clib/microlib/ctype/ctype.c           0x00000000   Number         0  isspace_c.o ABSOLUTE
    ../clib/microlib/ctype/ctype.c           0x00000000   Number         0  ctype_c.o ABSOLUTE
    ../clib/microlib/init/entry.s            0x00000000   Number         0  entry.o ABSOLUTE
    ../clib/microlib/init/entry.s            0x00000000   Number         0  entry2.o ABSOLUTE
    ../clib/microlib/init/entry.s            0x00000000   Number         0  entry5.o ABSOLUTE
    ../clib/microlib/init/entry.s            0x00000000   Number         0  entry7a.o ABSOLUTE
    ../clib/microlib/init/entry.s            0x00000000   Number         0  entry7b.o ABSOLUTE
    ../clib/microlib/init/entry.s            0x00000000   Number         0  entry8a.o ABSOLUTE
    ../clib/microlib/init/entry.s            0x00000000   Number         0  entry8b.o ABSOLUTE
    ../clib/microlib/init/entry.s            0x00000000   Number         0  entry9a.o ABSOLUTE
    ../clib/microlib/init/entry.s            0x00000000   Number         0  entry9b.o ABSOLUTE
    ../clib/microlib/init/entry.s            0x00000000   Number         0  entry10a.o ABSOLUTE
    ../clib/microlib/init/entry.s            0x00000000   Number         0  entry10b.o ABSOLUTE
    ../clib/microlib/init/entry.s            0x00000000   Number         0  entry11a.o ABSOLUTE
    ../clib/microlib/init/entry.s            0x00000000   Number         0  entry11b.o ABSOLUTE
    ../clib/microlib/longlong.c              0x00000000   Number         0  llshl.o ABSOLUTE
    ../clib/microlib/longlong.c              0x00000000   Number         0  llushr.o ABSOLUTE
    ../clib/microlib/string/strstr.c         0x00000000   Number         0  strstr.o ABSOLUTE
    ../clib/microlib/stubs.s                 0x00000000   Number         0  iusefp.o ABSOLUTE
    ../clib/scanf.c                          0x00000000   Number         0  sscanf.o ABSOLUTE
    ../clib/scanf.c                          0x00000000   Number         0  _scanf_longlong.o ABSOLUTE
    ../clib/scanf.c                          0x00000000   Number         0  _scanf_int.o ABSOLUTE
    ../clib/scanf.c                          0x00000000   Number         0  _scanf_str.o ABSOLUTE
    ../clib/scanf.c                          0x00000000   Number         0  scanf_fp.o ABSOLUTE
    ../clib/scanf.c                          0x00000000   Number         0  scanf_char.o ABSOLUTE
    ../clib/scanf.c                          0x00000000   Number         0  _sgetc.o ABSOLUTE
    ../clib/scanf.c                          0x00000000   Number         0  _chval.o ABSOLUTE
    ../clib/scanf.c                          0x00000000   Number         0  _scanf.o ABSOLUTE
    ../fplib/microlib/d2f.c                  0x00000000   Number         0  d2f.o ABSOLUTE
    ../fplib/microlib/f2d.c                  0x00000000   Number         0  f2d.o ABSOLUTE
    ../fplib/microlib/fpadd.c                0x00000000   Number         0  fadd.o ABSOLUTE
    ../fplib/microlib/fpdiv.c                0x00000000   Number         0  ddiv.o ABSOLUTE
    ../fplib/microlib/fpepilogue.c           0x00000000   Number         0  fepilogue.o ABSOLUTE
    ../fplib/microlib/fpepilogue.c           0x00000000   Number         0  depilogue.o ABSOLUTE
    ../fplib/microlib/fpfix.c                0x00000000   Number         0  ffixui.o ABSOLUTE
    ../fplib/microlib/fpflt.c                0x00000000   Number         0  fflti.o ABSOLUTE
    ../fplib/microlib/fpflt.c                0x00000000   Number         0  dfltui.o ABSOLUTE
    ../fplib/microlib/fpflt.c                0x00000000   Number         0  dfltul.o ABSOLUTE
    ../fplib/microlib/fpmul.c                0x00000000   Number         0  dmul.o ABSOLUTE
    ../fplib/microlib/fprnd.c                0x00000000   Number         0  frnd.o ABSOLUTE
    ../mathlib/round.c                       0x00000000   Number         0  roundf.o ABSOLUTE
    RTE\Device\STM32F429ZITx\startup_stm32f429xx.s 0x00000000   Number         0  startup_stm32f429xx.o ABSOLUTE
    dc.s                                     0x00000000   Number         0  dc.o ABSOLUTE
    handlers.s                               0x00000000   Number         0  handlers.o ABSOLUTE
    init.s                                   0x00000000   Number         0  init.o ABSOLUTE
    main.c                                   0x00000000   Number         0  main.o ABSOLUTE
    system.c                                 0x00000000   Number         0  system.o ABSOLUTE
    system_stm32f4xx.c                       0x00000000   Number         0  system_stm32f4xx.o ABSOLUTE
    taskLED.c                                0x00000000   Number         0  taskled.o ABSOLUTE
    taskUART.c                               0x00000000   Number         0  taskuart.o ABSOLUTE
    RESET                                    0x08000000   Section      428  startup_stm32f429xx.o(RESET)
    .ARM.Collect$$$$00000000                 0x080001ac   Section        0  entry.o(.ARM.Collect$$$$00000000)
    .ARM.Collect$$$$00000001                 0x080001ac   Section        4  entry2.o(.ARM.Collect$$$$00000001)
    .ARM.Collect$$$$00000004                 0x080001b0   Section        4  entry5.o(.ARM.Collect$$$$00000004)
    .ARM.Collect$$$$00000008                 0x080001b4   Section        0  entry7b.o(.ARM.Collect$$$$00000008)
    .ARM.Collect$$$$0000000A                 0x080001b4   Section        0  entry8b.o(.ARM.Collect$$$$0000000A)
    .ARM.Collect$$$$0000000B                 0x080001b4   Section        8  entry9a.o(.ARM.Collect$$$$0000000B)
    __lit__00000000                          0x080001bc   Data           4  entry2.o(.ARM.Collect$$$$00002712)
    .ARM.Collect$$$$0000000D                 0x080001bc   Section        0  entry10a.o(.ARM.Collect$$$$0000000D)
    .ARM.Collect$$$$0000000F                 0x080001bc   Section        0  entry11a.o(.ARM.Collect$$$$0000000F)
    .ARM.Collect$$$$00002712                 0x080001bc   Section        4  entry2.o(.ARM.Collect$$$$00002712)
    .text                                    0x080001c0   Section       36  startup_stm32f429xx.o(.text)
    .text                                    0x080001e4   Section        0  strstr.o(.text)
    .text                                    0x08000208   Section        0  sscanf.o(.text)
    .text                                    0x08000240   Section        0  fadd.o(.text)
    .text                                    0x080002f0   Section        0  dmul.o(.text)
    .text                                    0x080003d4   Section        0  ddiv.o(.text)
    .text                                    0x080004b2   Section        0  fflti.o(.text)
    .text                                    0x080004c4   Section        0  dfltui.o(.text)
    .text                                    0x080004de   Section        0  ffixui.o(.text)
    .text                                    0x08000506   Section        0  f2d.o(.text)
    .text                                    0x0800052c   Section        0  d2f.o(.text)
    .text                                    0x08000564   Section        0  _scanf_longlong.o(.text)
    .text                                    0x080006ba   Section        0  _scanf_int.o(.text)
    .text                                    0x08000806   Section        0  _scanf_str.o(.text)
    _fp_value                                0x080008e9   Thumb Code   296  scanf_fp.o(.text)
    .text                                    0x080008e8   Section        0  scanf_fp.o(.text)
    _scanf_char_input                        0x08000c49   Thumb Code    12  scanf_char.o(.text)
    .text                                    0x08000c48   Section        0  scanf_char.o(.text)
    .text                                    0x08000c70   Section        0  _sgetc.o(.text)
    .text                                    0x08000cb0   Section        0  iusefp.o(.text)
    .text                                    0x08000cb0   Section        0  fepilogue.o(.text)
    .text                                    0x08000d1e   Section        0  frnd.o(.text)
    .text                                    0x08000d5a   Section        0  depilogue.o(.text)
    .text                                    0x08000e14   Section       36  init.o(.text)
    .text                                    0x08000e38   Section        0  llshl.o(.text)
    .text                                    0x08000e56   Section        0  llushr.o(.text)
    .text                                    0x08000e76   Section        0  isspace_c.o(.text)
    .text                                    0x08000e80   Section        0  _chval.o(.text)
    .text                                    0x08000e9c   Section        0  _scanf.o(.text)
    .text                                    0x080011c8   Section        0  dfltul.o(.text)
    .text                                    0x080011e0   Section        0  ctype_c.o(.text)
    SysTick_Config                           0x08001209   Thumb Code    90  system.o(.text.SysTick_Config)
    [Anonymous Symbol]                       0x08001208   Section        0  system.o(.text.SysTick_Config)
    [Anonymous Symbol]                       0x08001264   Section        0  system.o(.text.SysTick_Handler)
    [Anonymous Symbol]                       0x08001274   Section        0  system_stm32f4xx.o(.text.SystemCoreClockUpdate)
    [Anonymous Symbol]                       0x080013a8   Section        0  system_stm32f4xx.o(.text.SystemInit)
    [Anonymous Symbol]                       0x080013b8   Section        0  taskuart.o(.text.USART1_IRQHandler)
    __NVIC_EnableIRQ                         0x08001519   Thumb Code    54  taskuart.o(.text.__NVIC_EnableIRQ)
    [Anonymous Symbol]                       0x08001518   Section        0  taskuart.o(.text.__NVIC_EnableIRQ)
    __NVIC_SetPriority                       0x08001551   Thumb Code    74  system.o(.text.__NVIC_SetPriority)
    [Anonymous Symbol]                       0x08001550   Section        0  system.o(.text.__NVIC_SetPriority)
    __NVIC_SetPriority                       0x0800159d   Thumb Code    74  taskuart.o(.text.__NVIC_SetPriority)
    [Anonymous Symbol]                       0x0800159c   Section        0  taskuart.o(.text.__NVIC_SetPriority)
    __NVIC_SetPriorityGrouping               0x080015e9   Thumb Code    64  taskuart.o(.text.__NVIC_SetPriorityGrouping)
    [Anonymous Symbol]                       0x080015e8   Section        0  taskuart.o(.text.__NVIC_SetPriorityGrouping)
    [Anonymous Symbol]                       0x08001628   Section        0  taskled.o(.text.led_init)
    [Anonymous Symbol]                       0x08001660   Section        0  taskled.o(.text.led_off)
    [Anonymous Symbol]                       0x08001674   Section        0  taskled.o(.text.led_on)
    [Anonymous Symbol]                       0x08001688   Section        0  taskled.o(.text.led_setOffTime)
    [Anonymous Symbol]                       0x080016a0   Section        0  taskled.o(.text.led_setOnTime)
    [Anonymous Symbol]                       0x080016b8   Section        0  taskled.o(.text.led_setState)
    [Anonymous Symbol]                       0x080016d4   Section        0  taskled.o(.text.led_task)
    [Anonymous Symbol]                       0x080017b8   Section        0  taskled.o(.text.led_toggle)
    [Anonymous Symbol]                       0x080017cc   Section        0  main.o(.text.main)
    [Anonymous Symbol]                       0x080017e8   Section        0  system.o(.text.system_getTick)
    [Anonymous Symbol]                       0x080017f4   Section        0  system.o(.text.system_init)
    [Anonymous Symbol]                       0x080018cc   Section        0  taskuart.o(.text.uart_init)
    [Anonymous Symbol]                       0x08001ad8   Section        0  taskuart.o(.text.uart_setState)
    [Anonymous Symbol]                       0x08001af4   Section        0  taskuart.o(.text.uart_task)
    i.__scatterload_copy                     0x08001b50   Section       14  handlers.o(i.__scatterload_copy)
    i.__scatterload_null                     0x08001b5e   Section        2  handlers.o(i.__scatterload_null)
    i.__scatterload_zeroinit                 0x08001b60   Section       14  handlers.o(i.__scatterload_zeroinit)
    i._is_digit                              0x08001b6e   Section        0  scanf_fp.o(i._is_digit)
    i.roundf                                 0x08001b7c   Section        0  roundf.o(i.roundf)
    .constdata                               0x08001bee   Section       64  ctype_c.o(.constdata)
    .L.str.3                                 0x08001c3e   Data          10  taskuart.o(.rodata.str1.1)
    [Anonymous Symbol]                       0x08001c3e   Section        0  taskuart.o(.rodata.str1.1)
    .L.str.2                                 0x08001c48   Data           9  taskuart.o(.rodata.str1.1)
    .L.str                                   0x08001c51   Data           5  taskuart.o(.rodata.str1.1)
    .L.str.1                                 0x08001c56   Data           6  taskuart.o(.rodata.str1.1)
    led_task.lastCall                        0x20000014   Data           4  taskled.o(.bss.led_task.lastCall)
    [Anonymous Symbol]                       0x20000014   Section        0  taskled.o(.bss.led_task.lastCall)
    led_task.waitTime                        0x20000018   Data           4  taskled.o(.bss.led_task.waitTime)
    [Anonymous Symbol]                       0x20000018   Section        0  taskled.o(.bss.led_task.waitTime)
    STACK                                    0x20000038   Section     1024  startup_stm32f429xx.o(STACK)

    Global Symbols

    Symbol Name                              Value     Ov Type        Size  Object(Section)

    BuildAttributes$$THM_ISAv4$E$P$D$K$B$S$7EM$PE$A:L22UL41UL21$X:L11$S22US41US21$IEEE1$IW$~IW$USESV6$~STKCKD$USESV7$~SHL$OTIME$ROPI$IEEEJ$EBA8$MICROLIB$REQ8$PRES8$EABIv2 0x00000000   Number         0  anon$$obj.o ABSOLUTE
    __cpp_initialize__aeabi_                  - Undefined Weak Reference
    __cxa_finalize                            - Undefined Weak Reference
    __decompress                              - Undefined Weak Reference
    _clock_init                               - Undefined Weak Reference
    _microlib_exit                            - Undefined Weak Reference
    __Vectors_Size                           0x000001ac   Number         0  startup_stm32f429xx.o ABSOLUTE
    __Vectors                                0x08000000   Data           4  startup_stm32f429xx.o(RESET)
    __Vectors_End                            0x080001ac   Data           0  startup_stm32f429xx.o(RESET)
    __main                                   0x080001ad   Thumb Code     0  entry.o(.ARM.Collect$$$$00000000)
    _main_stk                                0x080001ad   Thumb Code     0  entry2.o(.ARM.Collect$$$$00000001)
    _main_scatterload                        0x080001b1   Thumb Code     0  entry5.o(.ARM.Collect$$$$00000004)
    __main_after_scatterload                 0x080001b5   Thumb Code     0  entry5.o(.ARM.Collect$$$$00000004)
    _main_clock                              0x080001b5   Thumb Code     0  entry7b.o(.ARM.Collect$$$$00000008)
    _main_cpp_init                           0x080001b5   Thumb Code     0  entry8b.o(.ARM.Collect$$$$0000000A)
    _main_init                               0x080001b5   Thumb Code     0  entry9a.o(.ARM.Collect$$$$0000000B)
    __rt_final_cpp                           0x080001bd   Thumb Code     0  entry10a.o(.ARM.Collect$$$$0000000D)
    __rt_final_exit                          0x080001bd   Thumb Code     0  entry11a.o(.ARM.Collect$$$$0000000F)
    Reset_Handler                            0x080001c1   Thumb Code     8  startup_stm32f429xx.o(.text)
    NMI_Handler                              0x080001c9   Thumb Code     2  startup_stm32f429xx.o(.text)
    HardFault_Handler                        0x080001cb   Thumb Code     2  startup_stm32f429xx.o(.text)
    MemManage_Handler                        0x080001cd   Thumb Code     2  startup_stm32f429xx.o(.text)
    BusFault_Handler                         0x080001cf   Thumb Code     2  startup_stm32f429xx.o(.text)
    UsageFault_Handler                       0x080001d1   Thumb Code     2  startup_stm32f429xx.o(.text)
    SVC_Handler                              0x080001d3   Thumb Code     2  startup_stm32f429xx.o(.text)
    DebugMon_Handler                         0x080001d5   Thumb Code     2  startup_stm32f429xx.o(.text)
    PendSV_Handler                           0x080001d7   Thumb Code     2  startup_stm32f429xx.o(.text)
    ADC_IRQHandler                           0x080001db   Thumb Code     0  startup_stm32f429xx.o(.text)
    CAN1_RX0_IRQHandler                      0x080001db   Thumb Code     0  startup_stm32f429xx.o(.text)
    CAN1_RX1_IRQHandler                      0x080001db   Thumb Code     0  startup_stm32f429xx.o(.text)
    CAN1_SCE_IRQHandler                      0x080001db   Thumb Code     0  startup_stm32f429xx.o(.text)
    CAN1_TX_IRQHandler                       0x080001db   Thumb Code     0  startup_stm32f429xx.o(.text)
    CAN2_RX0_IRQHandler                      0x080001db   Thumb Code     0  startup_stm32f429xx.o(.text)
    CAN2_RX1_IRQHandler                      0x080001db   Thumb Code     0  startup_stm32f429xx.o(.text)
    CAN2_SCE_IRQHandler                      0x080001db   Thumb Code     0  startup_stm32f429xx.o(.text)
    CAN2_TX_IRQHandler                       0x080001db   Thumb Code     0  startup_stm32f429xx.o(.text)
    DCMI_IRQHandler                          0x080001db   Thumb Code     0  startup_stm32f429xx.o(.text)
    DMA1_Stream0_IRQHandler                  0x080001db   Thumb Code     0  startup_stm32f429xx.o(.text)
    DMA1_Stream1_IRQHandler                  0x080001db   Thumb Code     0  startup_stm32f429xx.o(.text)
    DMA1_Stream2_IRQHandler                  0x080001db   Thumb Code     0  startup_stm32f429xx.o(.text)
    DMA1_Stream3_IRQHandler                  0x080001db   Thumb Code     0  startup_stm32f429xx.o(.text)
    DMA1_Stream4_IRQHandler                  0x080001db   Thumb Code     0  startup_stm32f429xx.o(.text)
    DMA1_Stream5_IRQHandler                  0x080001db   Thumb Code     0  startup_stm32f429xx.o(.text)
    DMA1_Stream6_IRQHandler                  0x080001db   Thumb Code     0  startup_stm32f429xx.o(.text)
    DMA1_Stream7_IRQHandler                  0x080001db   Thumb Code     0  startup_stm32f429xx.o(.text)
    DMA2D_IRQHandler                         0x080001db   Thumb Code     0  startup_stm32f429xx.o(.text)
    DMA2_Stream0_IRQHandler                  0x080001db   Thumb Code     0  startup_stm32f429xx.o(.text)
    DMA2_Stream1_IRQHandler                  0x080001db   Thumb Code     0  startup_stm32f429xx.o(.text)
    DMA2_Stream2_IRQHandler                  0x080001db   Thumb Code     0  startup_stm32f429xx.o(.text)
    DMA2_Stream3_IRQHandler                  0x080001db   Thumb Code     0  startup_stm32f429xx.o(.text)
    DMA2_Stream4_IRQHandler                  0x080001db   Thumb Code     0  startup_stm32f429xx.o(.text)
    DMA2_Stream5_IRQHandler                  0x080001db   Thumb Code     0  startup_stm32f429xx.o(.text)
    DMA2_Stream6_IRQHandler                  0x080001db   Thumb Code     0  startup_stm32f429xx.o(.text)
    DMA2_Stream7_IRQHandler                  0x080001db   Thumb Code     0  startup_stm32f429xx.o(.text)
    ETH_IRQHandler                           0x080001db   Thumb Code     0  startup_stm32f429xx.o(.text)
    ETH_WKUP_IRQHandler                      0x080001db   Thumb Code     0  startup_stm32f429xx.o(.text)
    EXTI0_IRQHandler                         0x080001db   Thumb Code     0  startup_stm32f429xx.o(.text)
    EXTI15_10_IRQHandler                     0x080001db   Thumb Code     0  startup_stm32f429xx.o(.text)
    EXTI1_IRQHandler                         0x080001db   Thumb Code     0  startup_stm32f429xx.o(.text)
    EXTI2_IRQHandler                         0x080001db   Thumb Code     0  startup_stm32f429xx.o(.text)
    EXTI3_IRQHandler                         0x080001db   Thumb Code     0  startup_stm32f429xx.o(.text)
    EXTI4_IRQHandler                         0x080001db   Thumb Code     0  startup_stm32f429xx.o(.text)
    EXTI9_5_IRQHandler                       0x080001db   Thumb Code     0  startup_stm32f429xx.o(.text)
    FLASH_IRQHandler                         0x080001db   Thumb Code     0  startup_stm32f429xx.o(.text)
    FMC_IRQHandler                           0x080001db   Thumb Code     0  startup_stm32f429xx.o(.text)
    FPU_IRQHandler                           0x080001db   Thumb Code     0  startup_stm32f429xx.o(.text)
    HASH_RNG_IRQHandler                      0x080001db   Thumb Code     0  startup_stm32f429xx.o(.text)
    I2C1_ER_IRQHandler                       0x080001db   Thumb Code     0  startup_stm32f429xx.o(.text)
    I2C1_EV_IRQHandler                       0x080001db   Thumb Code     0  startup_stm32f429xx.o(.text)
    I2C2_ER_IRQHandler                       0x080001db   Thumb Code     0  startup_stm32f429xx.o(.text)
    I2C2_EV_IRQHandler                       0x080001db   Thumb Code     0  startup_stm32f429xx.o(.text)
    I2C3_ER_IRQHandler                       0x080001db   Thumb Code     0  startup_stm32f429xx.o(.text)
    I2C3_EV_IRQHandler                       0x080001db   Thumb Code     0  startup_stm32f429xx.o(.text)
    LTDC_ER_IRQHandler                       0x080001db   Thumb Code     0  startup_stm32f429xx.o(.text)
    LTDC_IRQHandler                          0x080001db   Thumb Code     0  startup_stm32f429xx.o(.text)
    OTG_FS_IRQHandler                        0x080001db   Thumb Code     0  startup_stm32f429xx.o(.text)
    OTG_FS_WKUP_IRQHandler                   0x080001db   Thumb Code     0  startup_stm32f429xx.o(.text)
    OTG_HS_EP1_IN_IRQHandler                 0x080001db   Thumb Code     0  startup_stm32f429xx.o(.text)
    OTG_HS_EP1_OUT_IRQHandler                0x080001db   Thumb Code     0  startup_stm32f429xx.o(.text)
    OTG_HS_IRQHandler                        0x080001db   Thumb Code     0  startup_stm32f429xx.o(.text)
    OTG_HS_WKUP_IRQHandler                   0x080001db   Thumb Code     0  startup_stm32f429xx.o(.text)
    PVD_IRQHandler                           0x080001db   Thumb Code     0  startup_stm32f429xx.o(.text)
    RCC_IRQHandler                           0x080001db   Thumb Code     0  startup_stm32f429xx.o(.text)
    RTC_Alarm_IRQHandler                     0x080001db   Thumb Code     0  startup_stm32f429xx.o(.text)
    RTC_WKUP_IRQHandler                      0x080001db   Thumb Code     0  startup_stm32f429xx.o(.text)
    SAI1_IRQHandler                          0x080001db   Thumb Code     0  startup_stm32f429xx.o(.text)
    SDIO_IRQHandler                          0x080001db   Thumb Code     0  startup_stm32f429xx.o(.text)
    SPI1_IRQHandler                          0x080001db   Thumb Code     0  startup_stm32f429xx.o(.text)
    SPI2_IRQHandler                          0x080001db   Thumb Code     0  startup_stm32f429xx.o(.text)
    SPI3_IRQHandler                          0x080001db   Thumb Code     0  startup_stm32f429xx.o(.text)
    SPI4_IRQHandler                          0x080001db   Thumb Code     0  startup_stm32f429xx.o(.text)
    SPI5_IRQHandler                          0x080001db   Thumb Code     0  startup_stm32f429xx.o(.text)
    SPI6_IRQHandler                          0x080001db   Thumb Code     0  startup_stm32f429xx.o(.text)
    TAMP_STAMP_IRQHandler                    0x080001db   Thumb Code     0  startup_stm32f429xx.o(.text)
    TIM1_BRK_TIM9_IRQHandler                 0x080001db   Thumb Code     0  startup_stm32f429xx.o(.text)
    TIM1_CC_IRQHandler                       0x080001db   Thumb Code     0  startup_stm32f429xx.o(.text)
    TIM1_TRG_COM_TIM11_IRQHandler            0x080001db   Thumb Code     0  startup_stm32f429xx.o(.text)
    TIM1_UP_TIM10_IRQHandler                 0x080001db   Thumb Code     0  startup_stm32f429xx.o(.text)
    TIM2_IRQHandler                          0x080001db   Thumb Code     0  startup_stm32f429xx.o(.text)
    TIM3_IRQHandler                          0x080001db   Thumb Code     0  startup_stm32f429xx.o(.text)
    TIM4_IRQHandler                          0x080001db   Thumb Code     0  startup_stm32f429xx.o(.text)
    TIM5_IRQHandler                          0x080001db   Thumb Code     0  startup_stm32f429xx.o(.text)
    TIM6_DAC_IRQHandler                      0x080001db   Thumb Code     0  startup_stm32f429xx.o(.text)
    TIM7_IRQHandler                          0x080001db   Thumb Code     0  startup_stm32f429xx.o(.text)
    TIM8_BRK_TIM12_IRQHandler                0x080001db   Thumb Code     0  startup_stm32f429xx.o(.text)
    TIM8_CC_IRQHandler                       0x080001db   Thumb Code     0  startup_stm32f429xx.o(.text)
    TIM8_TRG_COM_TIM14_IRQHandler            0x080001db   Thumb Code     0  startup_stm32f429xx.o(.text)
    TIM8_UP_TIM13_IRQHandler                 0x080001db   Thumb Code     0  startup_stm32f429xx.o(.text)
    UART4_IRQHandler                         0x080001db   Thumb Code     0  startup_stm32f429xx.o(.text)
    UART5_IRQHandler                         0x080001db   Thumb Code     0  startup_stm32f429xx.o(.text)
    UART7_IRQHandler                         0x080001db   Thumb Code     0  startup_stm32f429xx.o(.text)
    UART8_IRQHandler                         0x080001db   Thumb Code     0  startup_stm32f429xx.o(.text)
    USART2_IRQHandler                        0x080001db   Thumb Code     0  startup_stm32f429xx.o(.text)
    USART3_IRQHandler                        0x080001db   Thumb Code     0  startup_stm32f429xx.o(.text)
    USART6_IRQHandler                        0x080001db   Thumb Code     0  startup_stm32f429xx.o(.text)
    WWDG_IRQHandler                          0x080001db   Thumb Code     0  startup_stm32f429xx.o(.text)
    strstr                                   0x080001e5   Thumb Code    36  strstr.o(.text)
    sscanf                                   0x08000209   Thumb Code    48  sscanf.o(.text)
    __aeabi_fadd                             0x08000241   Thumb Code   164  fadd.o(.text)
    __aeabi_fsub                             0x080002e5   Thumb Code     6  fadd.o(.text)
    __aeabi_frsub                            0x080002eb   Thumb Code     6  fadd.o(.text)
    __aeabi_dmul                             0x080002f1   Thumb Code   228  dmul.o(.text)
    __aeabi_ddiv                             0x080003d5   Thumb Code   222  ddiv.o(.text)
    __aeabi_i2f                              0x080004b3   Thumb Code    18  fflti.o(.text)
    __aeabi_ui2d                             0x080004c5   Thumb Code    26  dfltui.o(.text)
    __aeabi_f2uiz                            0x080004df   Thumb Code    40  ffixui.o(.text)
    __aeabi_f2d                              0x08000507   Thumb Code    38  f2d.o(.text)
    __aeabi_d2f                              0x0800052d   Thumb Code    56  d2f.o(.text)
    _scanf_longlong                          0x08000565   Thumb Code   342  _scanf_longlong.o(.text)
    _scanf_int                               0x080006bb   Thumb Code   332  _scanf_int.o(.text)
    _scanf_string                            0x08000807   Thumb Code   224  _scanf_str.o(.text)
    _scanf_real                              0x08000a11   Thumb Code     0  scanf_fp.o(.text)
    _scanf_really_real                       0x08000a11   Thumb Code   556  scanf_fp.o(.text)
    __vfscanf_char                           0x08000c55   Thumb Code    20  scanf_char.o(.text)
    _sgetc                                   0x08000c71   Thumb Code    30  _sgetc.o(.text)
    _sbackspace                              0x08000c8f   Thumb Code    34  _sgetc.o(.text)
    __I$use$fp                               0x08000cb1   Thumb Code     0  iusefp.o(.text)
    _float_round                             0x08000cb1   Thumb Code    18  fepilogue.o(.text)
    _float_epilogue                          0x08000cc3   Thumb Code    92  fepilogue.o(.text)
    _frnd                                    0x08000d1f   Thumb Code    60  frnd.o(.text)
    _double_round                            0x08000d5b   Thumb Code    30  depilogue.o(.text)
    _double_epilogue                         0x08000d79   Thumb Code   156  depilogue.o(.text)
    __scatterload                            0x08000e15   Thumb Code    28  init.o(.text)
    __scatterload_rt2                        0x08000e15   Thumb Code     0  init.o(.text)
    __aeabi_llsl                             0x08000e39   Thumb Code    30  llshl.o(.text)
    _ll_shift_l                              0x08000e39   Thumb Code     0  llshl.o(.text)
    __aeabi_llsr                             0x08000e57   Thumb Code    32  llushr.o(.text)
    _ll_ushift_r                             0x08000e57   Thumb Code     0  llushr.o(.text)
    isspace                                  0x08000e77   Thumb Code    10  isspace_c.o(.text)
    _chval                                   0x08000e81   Thumb Code    28  _chval.o(.text)
    __vfscanf                                0x08000e9d   Thumb Code   808  _scanf.o(.text)
    __aeabi_ul2d                             0x080011c9   Thumb Code    24  dfltul.o(.text)
    __ctype_lookup                           0x080011e1   Thumb Code    34  ctype_c.o(.text)
    SysTick_Handler                          0x08001265   Thumb Code    16  system.o(.text.SysTick_Handler)
    SystemCoreClockUpdate                    0x08001275   Thumb Code   308  system_stm32f4xx.o(.text.SystemCoreClockUpdate)
    SystemInit                               0x080013a9   Thumb Code    16  system_stm32f4xx.o(.text.SystemInit)
    USART1_IRQHandler                        0x080013b9   Thumb Code   352  taskuart.o(.text.USART1_IRQHandler)
    led_init                                 0x08001629   Thumb Code    56  taskled.o(.text.led_init)
    led_off                                  0x08001661   Thumb Code    18  taskled.o(.text.led_off)
    led_on                                   0x08001675   Thumb Code    18  taskled.o(.text.led_on)
    led_setOffTime                           0x08001689   Thumb Code    24  taskled.o(.text.led_setOffTime)
    led_setOnTime                            0x080016a1   Thumb Code    24  taskled.o(.text.led_setOnTime)
    led_setState                             0x080016b9   Thumb Code    28  taskled.o(.text.led_setState)
    led_task                                 0x080016d5   Thumb Code   228  taskled.o(.text.led_task)
    led_toggle                               0x080017b9   Thumb Code    18  taskled.o(.text.led_toggle)
    main                                     0x080017cd   Thumb Code    28  main.o(.text.main)
    system_getTick                           0x080017e9   Thumb Code    12  system.o(.text.system_getTick)
    system_init                              0x080017f5   Thumb Code   216  system.o(.text.system_init)
    uart_init                                0x080018cd   Thumb Code   522  taskuart.o(.text.uart_init)
    uart_setState                            0x08001ad9   Thumb Code    28  taskuart.o(.text.uart_setState)
    uart_task                                0x08001af5   Thumb Code    92  taskuart.o(.text.uart_task)
    __scatterload_copy                       0x08001b51   Thumb Code    14  handlers.o(i.__scatterload_copy)
    __scatterload_null                       0x08001b5f   Thumb Code     2  handlers.o(i.__scatterload_null)
    __scatterload_zeroinit                   0x08001b61   Thumb Code    14  handlers.o(i.__scatterload_zeroinit)
    _is_digit                                0x08001b6f   Thumb Code    14  scanf_fp.o(i._is_digit)
    roundf                                   0x08001b7d   Thumb Code   114  roundf.o(i.roundf)
    __ctype_categories                       0x08001bee   Data          64  ctype_c.o(.constdata)
    AHBPrescTable                            0x08001c2e   Data          16  system_stm32f4xx.o(.rodata.AHBPrescTable)
    Region$$Table$$Base                      0x08001c5c   Number         0  anon$$obj.o(Region$$Table)
    Region$$Table$$Limit                     0x08001c7c   Number         0  anon$$obj.o(Region$$Table)
    SystemCoreClock                          0x20000000   Data           4  system_stm32f4xx.o(.data.SystemCoreClock)
    led_offTime                              0x20000004   Data           4  taskled.o(.data.led_offTime)
    led_onTime                               0x20000008   Data           4  taskled.o(.data.led_onTime)
    led_taskState                            0x2000000c   Data           1  taskled.o(.data.led_taskState)
    SysTickVar                               0x20000010   Data           4  system.o(.bss.SysTickVar)
    uartRxChar                               0x2000001c   Data           1  taskuart.o(.bss.uartRxChar)
    uart_data                                0x2000001d   Data          16  taskuart.o(.bss.uart_data)
    uart_data_index                          0x20000030   Data           4  taskuart.o(.bss.uart_data_index)
    uart_data_ready                          0x20000034   Data           1  taskuart.o(.bss.uart_data_ready)
    uart_taskState                           0x20000035   Data           1  taskuart.o(.bss.uart_taskState)
    __initial_sp                             0x20000438   Data           0  startup_stm32f429xx.o(STACK)



==============================================================================

Memory Map of the image

  Image Entry point : 0x080001c1

  Load Region LR_1 (Base: 0x08000000, Size: 0x00001c8c, Max: 0xffffffff, ABSOLUTE)

    Execution Region ER_RO (Exec base: 0x08000000, Load base: 0x08000000, Size: 0x00001c7c, Max: 0xffffffff, ABSOLUTE)

    Exec Addr    Load Addr    Size         Type   Attr      Idx    E Section Name        Object

    0x08000000   0x08000000   0x000001ac   Data   RO           88    RESET               startup_stm32f429xx.o
    0x080001ac   0x080001ac   0x00000000   Code   RO          112  * .ARM.Collect$$$$00000000  mc_w.l(entry.o)
    0x080001ac   0x080001ac   0x00000004   Code   RO          135    .ARM.Collect$$$$00000001  mc_w.l(entry2.o)
    0x080001b0   0x080001b0   0x00000004   Code   RO          138    .ARM.Collect$$$$00000004  mc_w.l(entry5.o)
    0x080001b4   0x080001b4   0x00000000   Code   RO          140    .ARM.Collect$$$$00000008  mc_w.l(entry7b.o)
    0x080001b4   0x080001b4   0x00000000   Code   RO          142    .ARM.Collect$$$$0000000A  mc_w.l(entry8b.o)
    0x080001b4   0x080001b4   0x00000008   Code   RO          143    .ARM.Collect$$$$0000000B  mc_w.l(entry9a.o)
    0x080001bc   0x080001bc   0x00000000   Code   RO          145    .ARM.Collect$$$$0000000D  mc_w.l(entry10a.o)
    0x080001bc   0x080001bc   0x00000000   Code   RO          147    .ARM.Collect$$$$0000000F  mc_w.l(entry11a.o)
    0x080001bc   0x080001bc   0x00000004   Code   RO          136    .ARM.Collect$$$$00002712  mc_w.l(entry2.o)
    0x080001c0   0x080001c0   0x00000024   Code   RO           89  * .text               startup_stm32f429xx.o
    0x080001e4   0x080001e4   0x00000024   Code   RO          115    .text               mc_w.l(strstr.o)
    0x08000208   0x08000208   0x00000038   Code   RO          117    .text               mc_w.l(sscanf.o)
    0x08000240   0x08000240   0x000000b0   Code   RO          119    .text               mf_w.l(fadd.o)
    0x080002f0   0x080002f0   0x000000e4   Code   RO          121    .text               mf_w.l(dmul.o)
    0x080003d4   0x080003d4   0x000000de   Code   RO          123    .text               mf_w.l(ddiv.o)
    0x080004b2   0x080004b2   0x00000012   Code   RO          125    .text               mf_w.l(fflti.o)
    0x080004c4   0x080004c4   0x0000001a   Code   RO          127    .text               mf_w.l(dfltui.o)
    0x080004de   0x080004de   0x00000028   Code   RO          129    .text               mf_w.l(ffixui.o)
    0x08000506   0x08000506   0x00000026   Code   RO          131    .text               mf_w.l(f2d.o)
    0x0800052c   0x0800052c   0x00000038   Code   RO          133    .text               mf_w.l(d2f.o)
    0x08000564   0x08000564   0x00000156   Code   RO          149    .text               mc_w.l(_scanf_longlong.o)
    0x080006ba   0x080006ba   0x0000014c   Code   RO          151    .text               mc_w.l(_scanf_int.o)
    0x08000806   0x08000806   0x000000e0   Code   RO          153    .text               mc_w.l(_scanf_str.o)
    0x080008e6   0x080008e6   0x00000002   PAD
    0x080008e8   0x080008e8   0x00000360   Code   RO          155    .text               mc_w.l(scanf_fp.o)
    0x08000c48   0x08000c48   0x00000028   Code   RO          159    .text               mc_w.l(scanf_char.o)
    0x08000c70   0x08000c70   0x00000040   Code   RO          161    .text               mc_w.l(_sgetc.o)
    0x08000cb0   0x08000cb0   0x00000000   Code   RO          163    .text               mc_w.l(iusefp.o)
    0x08000cb0   0x08000cb0   0x0000006e   Code   RO          164    .text               mf_w.l(fepilogue.o)
    0x08000d1e   0x08000d1e   0x0000003c   Code   RO          166    .text               mf_w.l(frnd.o)
    0x08000d5a   0x08000d5a   0x000000ba   Code   RO          168    .text               mf_w.l(depilogue.o)
    0x08000e14   0x08000e14   0x00000024   Code   RO          170    .text               mc_w.l(init.o)
    0x08000e38   0x08000e38   0x0000001e   Code   RO          172    .text               mc_w.l(llshl.o)
    0x08000e56   0x08000e56   0x00000020   Code   RO          174    .text               mc_w.l(llushr.o)
    0x08000e76   0x08000e76   0x0000000a   Code   RO          176    .text               mc_w.l(isspace_c.o)
    0x08000e80   0x08000e80   0x0000001c   Code   RO          178    .text               mc_w.l(_chval.o)
    0x08000e9c   0x08000e9c   0x0000032c   Code   RO          180    .text               mc_w.l(_scanf.o)
    0x080011c8   0x080011c8   0x00000018   Code   RO          182    .text               mf_w.l(dfltul.o)
    0x080011e0   0x080011e0   0x00000028   Code   RO          184    .text               mc_w.l(ctype_c.o)
    0x08001208   0x08001208   0x0000005a   Code   RO           17    .text.SysTick_Config  system.o
    0x08001262   0x08001262   0x00000002   PAD
    0x08001264   0x08001264   0x00000010   Code   RO           11    .text.SysTick_Handler  system.o
    0x08001274   0x08001274   0x00000134   Code   RO           98    .text.SystemCoreClockUpdate  system_stm32f4xx.o
    0x080013a8   0x080013a8   0x00000010   Code   RO           96    .text.SystemInit    system_stm32f4xx.o
    0x080013b8   0x080013b8   0x00000160   Code   RO           30    .text.USART1_IRQHandler  taskuart.o
    0x08001518   0x08001518   0x00000036   Code   RO           40    .text.__NVIC_EnableIRQ  taskuart.o
    0x0800154e   0x0800154e   0x00000002   PAD
    0x08001550   0x08001550   0x0000004a   Code   RO           19    .text.__NVIC_SetPriority  system.o
    0x0800159a   0x0800159a   0x00000002   PAD
    0x0800159c   0x0800159c   0x0000004a   Code   RO           38    .text.__NVIC_SetPriority  taskuart.o
    0x080015e6   0x080015e6   0x00000002   PAD
    0x080015e8   0x080015e8   0x00000040   Code   RO           36    .text.__NVIC_SetPriorityGrouping  taskuart.o
    0x08001628   0x08001628   0x00000038   Code   RO           58    .text.led_init      taskled.o
    0x08001660   0x08001660   0x00000012   Code   RO           60    .text.led_off       taskled.o
    0x08001672   0x08001672   0x00000002   PAD
    0x08001674   0x08001674   0x00000012   Code   RO           68    .text.led_on        taskled.o
    0x08001686   0x08001686   0x00000002   PAD
    0x08001688   0x08001688   0x00000018   Code   RO           66    .text.led_setOffTime  taskled.o
    0x080016a0   0x080016a0   0x00000018   Code   RO           64    .text.led_setOnTime  taskled.o
    0x080016b8   0x080016b8   0x0000001c   Code   RO           62    .text.led_setState  taskled.o
    0x080016d4   0x080016d4   0x000000e4   Code   RO           72    .text.led_task      taskled.o
    0x080017b8   0x080017b8   0x00000012   Code   RO           70    .text.led_toggle    taskled.o
    0x080017ca   0x080017ca   0x00000002   PAD
    0x080017cc   0x080017cc   0x0000001c   Code   RO            2    .text.main          main.o
    0x080017e8   0x080017e8   0x0000000c   Code   RO           13    .text.system_getTick  system.o
    0x080017f4   0x080017f4   0x000000d8   Code   RO           15    .text.system_init   system.o
    0x080018cc   0x080018cc   0x0000020a   Code   RO           34    .text.uart_init     taskuart.o
    0x08001ad6   0x08001ad6   0x00000002   PAD
    0x08001ad8   0x08001ad8   0x0000001c   Code   RO           32    .text.uart_setState  taskuart.o
    0x08001af4   0x08001af4   0x0000005c   Code   RO           42    .text.uart_task     taskuart.o
    0x08001b50   0x08001b50   0x0000000e   Code   RO          189    i.__scatterload_copy  mc_w.l(handlers.o)
    0x08001b5e   0x08001b5e   0x00000002   Code   RO          190    i.__scatterload_null  mc_w.l(handlers.o)
    0x08001b60   0x08001b60   0x0000000e   Code   RO          191    i.__scatterload_zeroinit  mc_w.l(handlers.o)
    0x08001b6e   0x08001b6e   0x0000000e   Code   RO          157    i._is_digit         mc_w.l(scanf_fp.o)
    0x08001b7c   0x08001b7c   0x00000072   Code   RO          110    i.roundf            m_ws.l(roundf.o)
    0x08001bee   0x08001bee   0x00000040   Data   RO          185    .constdata          mc_w.l(ctype_c.o)
    0x08001c2e   0x08001c2e   0x00000010   Data   RO          101    .rodata.AHBPrescTable  system_stm32f4xx.o
    0x08001c3e   0x08001c3e   0x0000001e   Data   RO           49    .rodata.str1.1      taskuart.o
    0x08001c5c   0x08001c5c   0x00000020   Data   RO          188    Region$$Table       anon$$obj.o


    Execution Region ER_RW (Exec base: 0x20000000, Load base: 0x08001c7c, Size: 0x00000010, Max: 0xffffffff, ABSOLUTE)

    Exec Addr    Load Addr    Size         Type   Attr      Idx    E Section Name        Object

    0x20000000   0x08001c7c   0x00000004   Data   RW          100    .data.SystemCoreClock  system_stm32f4xx.o
    0x20000004   0x08001c80   0x00000004   Data   RW           75    .data.led_offTime   taskled.o
    0x20000008   0x08001c84   0x00000004   Data   RW           74    .data.led_onTime    taskled.o
    0x2000000c   0x08001c88   0x00000001   Data   RW           76    .data.led_taskState  taskled.o


    Execution Region ER_ZI (Exec base: 0x20000010, Load base: 0x08001c8c, Size: 0x00000428, Max: 0xffffffff, ABSOLUTE)

    Exec Addr    Load Addr    Size         Type   Attr      Idx    E Section Name        Object

    0x20000010        -       0x00000004   Zero   RW           21    .bss.SysTickVar     system.o
    0x20000014        -       0x00000004   Zero   RW           77    .bss.led_task.lastCall  taskled.o
    0x20000018        -       0x00000004   Zero   RW           78    .bss.led_task.waitTime  taskled.o
    0x2000001c        -       0x00000001   Zero   RW           48    .bss.uartRxChar     taskuart.o
    0x2000001d        -       0x00000010   Zero   RW           46    .bss.uart_data      taskuart.o
    0x2000002d   0x08001c8c   0x00000003   PAD
    0x20000030        -       0x00000004   Zero   RW           47    .bss.uart_data_index  taskuart.o
    0x20000034        -       0x00000001   Zero   RW           45    .bss.uart_data_ready  taskuart.o
    0x20000035        -       0x00000001   Zero   RW           44    .bss.uart_taskState  taskuart.o
    0x20000036   0x08001c8c   0x00000002   PAD
    0x20000038        -       0x00000400   Zero   RW           86    STACK               startup_stm32f429xx.o


==============================================================================

Image component sizes


      Code (inc. data)   RO Data    RW Data    ZI Data      Debug   Object Name

        28          0          0          0          0        348   main.o
        36          8        428          0       1024        820   startup_stm32f429xx.o
       408          0          0          0          4       5476   system.o
       324          0         16          4          0       2697   system_stm32f4xx.o
       414          0          0          9          8       2774   taskled.o
      1186          0         30          0         23       7175   taskuart.o

    ----------------------------------------------------------------------
      2412          8        506         16       1064      19290   Object Totals
         0          0         32          0          0          0   (incl. Generated)
        16          0          0          3          5          0   (incl. Padding)

    ----------------------------------------------------------------------

      Code (inc. data)   RO Data    RW Data    ZI Data      Debug   Library Member Name

       114          0          0          0          0         80   roundf.o
        28          0          0          0          0         68   _chval.o
       812          4          0          0          0        112   _scanf.o
       332          0          0          0          0         96   _scanf_int.o
       342          0          0          0          0        100   _scanf_longlong.o
       224          0          0          0          0         96   _scanf_str.o
        64          0          0          0          0         84   _sgetc.o
        40          6         64          0          0         68   ctype_c.o
         0          0          0          0          0          0   entry.o
         0          0          0          0          0          0   entry10a.o
         0          0          0          0          0          0   entry11a.o
         8          4          0          0          0          0   entry2.o
         4          0          0          0          0          0   entry5.o
         0          0          0          0          0          0   entry7b.o
         0          0          0          0          0          0   entry8b.o
         8          4          0          0          0          0   entry9a.o
        30          0          0          0          0          0   handlers.o
        36          8          0          0          0         68   init.o
        10          0          0          0          0         68   isspace_c.o
         0          0          0          0          0          0   iusefp.o
        30          0          0          0          0         68   llshl.o
        32          0          0          0          0         68   llushr.o
        40          8          0          0          0         84   scanf_char.o
       878         12          0          0          0        216   scanf_fp.o
        56          8          0          0          0         84   sscanf.o
        36          0          0          0          0         80   strstr.o
        56          0          0          0          0         88   d2f.o
       222          0          0          0          0        100   ddiv.o
       186          0          0          0          0        176   depilogue.o
        26          0          0          0          0         76   dfltui.o
        24          0          0          0          0         76   dfltul.o
       228          0          0          0          0         96   dmul.o
        38          0          0          0          0         68   f2d.o
       176          0          0          0          0        140   fadd.o
       110          0          0          0          0        168   fepilogue.o
        40          0          0          0          0         68   ffixui.o
        18          0          0          0          0         68   fflti.o
        60          0          0          0          0         76   frnd.o

    ----------------------------------------------------------------------
      4310         54         64          0          0       2640   Library Totals
         2          0          0          0          0          0   (incl. Padding)

    ----------------------------------------------------------------------

      Code (inc. data)   RO Data    RW Data    ZI Data      Debug   Library Name

       114          0          0          0          0         80   m_ws.l
      3010         54         64          0          0       1360   mc_w.l
      1184          0          0          0          0       1200   mf_w.l

    ----------------------------------------------------------------------
      4310         54         64          0          0       2640   Library Totals

    ----------------------------------------------------------------------

==============================================================================


      Code (inc. data)   RO Data    RW Data    ZI Data      Debug   

      6722         62        570         16       1064      20666   Grand Totals
      6722         62        570         16       1064      20666   ELF Image Totals
      6722         62        570         16          0          0   ROM Totals

==============================================================================

    Total RO  Size (Code + RO Data)                 7292 (   7.12kB)
    Total RW  Size (RW Data + ZI Data)              1080 (   1.05kB)
    Total ROM Size (Code + RO Data + RW Data)       7308 (   7.14kB)

==============================================================================

