Component: ARM Compiler 6.12 Tool: armlink [5d624300]

==============================================================================

Section Cross References

    main.o(.text.main) refers to system.o(.text.system_init) for system_init
    main.o(.text.main) refers to taskuart.o(.text.uart_init) for uart_init
    main.o(.text.main) refers to taskled.o(.text.led_init) for led_init
    main.o(.text.main) refers to taskuart.o(.text.uart_task) for uart_task
    main.o(.text.main) refers to taskled.o(.text.led_task) for led_task
    main.o(.ARM.exidx.text.main) refers to main.o(.text.main) for [Anonymous Symbol]
    system.o(.text.SysTick_Handler) refers to system.o(.bss.SysTickVar) for SysTickVar
    system.o(.ARM.exidx.text.SysTick_Handler) refers to system.o(.text.SysTick_Handler) for [Anonymous Symbol]
    system.o(.text.system_getTick) refers to system.o(.bss.SysTickVar) for SysTickVar
    system.o(.ARM.exidx.text.system_getTick) refers to system.o(.text.system_getTick) for [Anonymous Symbol]
    system.o(.text.system_init) refers to system_stm32f4xx.o(.text.SystemCoreClockUpdate) for SystemCoreClockUpdate
    system.o(.text.system_init) refers to system_stm32f4xx.o(.data.SystemCoreClock) for SystemCoreClock
    system.o(.text.system_init) refers to system.o(.text.SysTick_Config) for SysTick_Config
    system.o(.text.system_init) refers to system.o(.text.__NVIC_SetPriority) for __NVIC_SetPriority
    system.o(.ARM.exidx.text.system_init) refers to system.o(.text.system_init) for [Anonymous Symbol]
    system.o(.text.SysTick_Config) refers to system.o(.text.__NVIC_SetPriority) for __NVIC_SetPriority
    system.o(.ARM.exidx.text.SysTick_Config) refers to system.o(.text.SysTick_Config) for [Anonymous Symbol]
    system.o(.ARM.exidx.text.__NVIC_SetPriority) refers to system.o(.text.__NVIC_SetPriority) for [Anonymous Symbol]
    taskuart.o(.text.USART1_IRQHandler) refers to taskuart.o(.bss.uartRxChar) for uartRxChar
    taskuart.o(.ARM.exidx.text.USART1_IRQHandler) refers to taskuart.o(.text.USART1_IRQHandler) for [Anonymous Symbol]
    taskuart.o(.text.uart_init) refers to system_stm32f4xx.o(.data.SystemCoreClock) for SystemCoreClock
    taskuart.o(.text.uart_init) refers to dfltui.o(.text) for __aeabi_ui2d
    taskuart.o(.text.uart_init) refers to dmul.o(.text) for __aeabi_dmul
    taskuart.o(.text.uart_init) refers to ddiv.o(.text) for __aeabi_ddiv
    taskuart.o(.text.uart_init) refers to d2f.o(.text) for __aeabi_d2f
    taskuart.o(.text.uart_init) refers to ffixui.o(.text) for __aeabi_f2uiz
    taskuart.o(.text.uart_init) refers to fflti.o(.text) for __aeabi_i2f
    taskuart.o(.text.uart_init) refers to fadd.o(.text) for __aeabi_fsub
    taskuart.o(.text.uart_init) refers to f2d.o(.text) for __aeabi_f2d
    taskuart.o(.text.uart_init) refers to roundf.o(i.roundf) for roundf
    taskuart.o(.text.uart_init) refers to taskuart.o(.text.__NVIC_SetPriorityGrouping) for __NVIC_SetPriorityGrouping
    taskuart.o(.text.uart_init) refers to taskuart.o(.text.__NVIC_SetPriority) for __NVIC_SetPriority
    taskuart.o(.text.uart_init) refers to taskuart.o(.text.__NVIC_EnableIRQ) for __NVIC_EnableIRQ
    taskuart.o(.ARM.exidx.text.uart_init) refers to taskuart.o(.text.uart_init) for [Anonymous Symbol]
    taskuart.o(.ARM.exidx.text.__NVIC_SetPriorityGrouping) refers to taskuart.o(.text.__NVIC_SetPriorityGrouping) for [Anonymous Symbol]
    taskuart.o(.ARM.exidx.text.__NVIC_SetPriority) refers to taskuart.o(.text.__NVIC_SetPriority) for [Anonymous Symbol]
    taskuart.o(.ARM.exidx.text.__NVIC_EnableIRQ) refers to taskuart.o(.text.__NVIC_EnableIRQ) for [Anonymous Symbol]
    taskuart.o(.ARM.exidx.text.uart_task) refers to taskuart.o(.text.uart_task) for [Anonymous Symbol]
    taskled.o(.text.led_init) refers to taskled.o(.text.led_off) for led_off
    taskled.o(.ARM.exidx.text.led_init) refers to taskled.o(.text.led_init) for [Anonymous Symbol]
    taskled.o(.ARM.exidx.text.led_off) refers to taskled.o(.text.led_off) for [Anonymous Symbol]
    taskled.o(.text.led_setState) refers to taskled.o(.data.led_taskState) for led_taskState
    taskled.o(.ARM.exidx.text.led_setState) refers to taskled.o(.text.led_setState) for [Anonymous Symbol]
    taskled.o(.text.led_setOnTime) refers to taskled.o(.data.led_onTime) for led_onTime
    taskled.o(.ARM.exidx.text.led_setOnTime) refers to taskled.o(.text.led_setOnTime) for [Anonymous Symbol]
    taskled.o(.text.led_setOffTime) refers to taskled.o(.data.led_offTime) for led_offTime
    taskled.o(.ARM.exidx.text.led_setOffTime) refers to taskled.o(.text.led_setOffTime) for [Anonymous Symbol]
    taskled.o(.ARM.exidx.text.led_on) refers to taskled.o(.text.led_on) for [Anonymous Symbol]
    taskled.o(.ARM.exidx.text.led_toggle) refers to taskled.o(.text.led_toggle) for [Anonymous Symbol]
    taskled.o(.text.led_task) refers to system.o(.text.system_getTick) for system_getTick
    taskled.o(.text.led_task) refers to taskled.o(.bss.led_task.lastCall) for led_task.lastCall
    taskled.o(.text.led_task) refers to taskled.o(.bss.led_task.waitTime) for led_task.waitTime
    taskled.o(.text.led_task) refers to taskled.o(.data.led_taskState) for led_taskState
    taskled.o(.text.led_task) refers to taskled.o(.text.led_toggle) for led_toggle
    taskled.o(.text.led_task) refers to taskled.o(.text.led_on) for led_on
    taskled.o(.text.led_task) refers to taskled.o(.data.led_onTime) for led_onTime
    taskled.o(.text.led_task) refers to taskled.o(.text.led_off) for led_off
    taskled.o(.text.led_task) refers to taskled.o(.data.led_offTime) for led_offTime
    taskled.o(.ARM.exidx.text.led_task) refers to taskled.o(.text.led_task) for [Anonymous Symbol]
    startup_stm32f429xx.o(RESET) refers to startup_stm32f429xx.o(STACK) for __initial_sp
    startup_stm32f429xx.o(RESET) refers to startup_stm32f429xx.o(.text) for Reset_Handler
    startup_stm32f429xx.o(RESET) refers to system.o(.text.SysTick_Handler) for SysTick_Handler
    startup_stm32f429xx.o(RESET) refers to taskuart.o(.text.USART1_IRQHandler) for USART1_IRQHandler
    startup_stm32f429xx.o(.text) refers to system_stm32f4xx.o(.text.SystemInit) for SystemInit
    startup_stm32f429xx.o(.text) refers to entry.o(.ARM.Collect$$$$00000000) for __main
    system_stm32f4xx.o(.ARM.exidx.text.SystemInit) refers to system_stm32f4xx.o(.text.SystemInit) for [Anonymous Symbol]
    system_stm32f4xx.o(.text.SystemCoreClockUpdate) refers to system_stm32f4xx.o(.data.SystemCoreClock) for SystemCoreClock
    system_stm32f4xx.o(.text.SystemCoreClockUpdate) refers to system_stm32f4xx.o(.rodata.AHBPrescTable) for AHBPrescTable
    system_stm32f4xx.o(.ARM.exidx.text.SystemCoreClockUpdate) refers to system_stm32f4xx.o(.text.SystemCoreClockUpdate) for [Anonymous Symbol]
    roundf.o(i.roundf) refers (Special) to iusefp.o(.text) for __I$use$fp
    roundf.o(i.roundf) refers to frnd.o(.text) for _frnd
    roundf.o(i.roundf) refers to fadd.o(.text) for __aeabi_fsub
    entry.o(.ARM.Collect$$$$00000000) refers (Special) to entry10a.o(.ARM.Collect$$$$0000000D) for __rt_final_cpp
    entry.o(.ARM.Collect$$$$00000000) refers (Special) to entry11a.o(.ARM.Collect$$$$0000000F) for __rt_final_exit
    entry.o(.ARM.Collect$$$$00000000) refers (Special) to entry7b.o(.ARM.Collect$$$$00000008) for _main_clock
    entry.o(.ARM.Collect$$$$00000000) refers (Special) to entry8b.o(.ARM.Collect$$$$0000000A) for _main_cpp_init
    entry.o(.ARM.Collect$$$$00000000) refers (Special) to entry9a.o(.ARM.Collect$$$$0000000B) for _main_init
    entry.o(.ARM.Collect$$$$00000000) refers (Special) to entry5.o(.ARM.Collect$$$$00000004) for _main_scatterload
    entry.o(.ARM.Collect$$$$00000000) refers (Special) to entry2.o(.ARM.Collect$$$$00000001) for _main_stk
    fadd.o(.text) refers (Special) to iusefp.o(.text) for __I$use$fp
    fadd.o(.text) refers to fepilogue.o(.text) for _float_epilogue
    dmul.o(.text) refers (Special) to iusefp.o(.text) for __I$use$fp
    dmul.o(.text) refers to depilogue.o(.text) for _double_epilogue
    ddiv.o(.text) refers (Special) to iusefp.o(.text) for __I$use$fp
    ddiv.o(.text) refers to depilogue.o(.text) for _double_round
    fflti.o(.text) refers (Special) to iusefp.o(.text) for __I$use$fp
    fflti.o(.text) refers to fepilogue.o(.text) for _float_epilogue
    dfltui.o(.text) refers (Special) to iusefp.o(.text) for __I$use$fp
    dfltui.o(.text) refers to depilogue.o(.text) for _double_epilogue
    ffixui.o(.text) refers (Special) to iusefp.o(.text) for __I$use$fp
    f2d.o(.text) refers (Special) to iusefp.o(.text) for __I$use$fp
    d2f.o(.text) refers (Special) to iusefp.o(.text) for __I$use$fp
    d2f.o(.text) refers to fepilogue.o(.text) for _float_round
    entry2.o(.ARM.Collect$$$$00000001) refers to entry2.o(.ARM.Collect$$$$00002712) for __lit__00000000
    entry2.o(.ARM.Collect$$$$00002712) refers to startup_stm32f429xx.o(STACK) for __initial_sp
    entry2.o(__vectab_stack_and_reset_area) refers to startup_stm32f429xx.o(STACK) for __initial_sp
    entry2.o(__vectab_stack_and_reset_area) refers to entry.o(.ARM.Collect$$$$00000000) for __main
    entry5.o(.ARM.Collect$$$$00000004) refers to init.o(.text) for __scatterload
    entry9a.o(.ARM.Collect$$$$0000000B) refers to main.o(.text.main) for main
    entry9b.o(.ARM.Collect$$$$0000000C) refers to main.o(.text.main) for main
    fepilogue.o(.text) refers (Special) to iusefp.o(.text) for __I$use$fp
    frnd.o(.text) refers (Special) to iusefp.o(.text) for __I$use$fp
    frnd.o(.text) refers to fepilogue.o(.text) for _float_round
    depilogue.o(.text) refers (Special) to iusefp.o(.text) for __I$use$fp
    depilogue.o(.text) refers to llshl.o(.text) for __aeabi_llsl
    depilogue.o(.text) refers to llushr.o(.text) for __aeabi_llsr
    init.o(.text) refers to entry5.o(.ARM.Collect$$$$00000004) for __main_after_scatterload


==============================================================================

Removing Unused input sections from the image.

    Removing main.o(.text), (0 bytes).
    Removing main.o(.ARM.exidx.text.main), (8 bytes).
    Removing system.o(.text), (0 bytes).
    Removing system.o(.ARM.exidx.text.SysTick_Handler), (8 bytes).
    Removing system.o(.ARM.exidx.text.system_getTick), (8 bytes).
    Removing system.o(.ARM.exidx.text.system_init), (8 bytes).
    Removing system.o(.ARM.exidx.text.SysTick_Config), (8 bytes).
    Removing system.o(.ARM.exidx.text.__NVIC_SetPriority), (8 bytes).
    Removing taskuart.o(.text), (0 bytes).
    Removing taskuart.o(.ARM.exidx.text.USART1_IRQHandler), (8 bytes).
    Removing taskuart.o(.ARM.exidx.text.uart_init), (8 bytes).
    Removing taskuart.o(.ARM.exidx.text.__NVIC_SetPriorityGrouping), (8 bytes).
    Removing taskuart.o(.ARM.exidx.text.__NVIC_SetPriority), (8 bytes).
    Removing taskuart.o(.ARM.exidx.text.__NVIC_EnableIRQ), (8 bytes).
    Removing taskuart.o(.ARM.exidx.text.uart_task), (8 bytes).
    Removing taskled.o(.text), (0 bytes).
    Removing taskled.o(.ARM.exidx.text.led_init), (8 bytes).
    Removing taskled.o(.ARM.exidx.text.led_off), (8 bytes).
    Removing taskled.o(.text.led_setState), (28 bytes).
    Removing taskled.o(.ARM.exidx.text.led_setState), (8 bytes).
    Removing taskled.o(.text.led_setOnTime), (24 bytes).
    Removing taskled.o(.ARM.exidx.text.led_setOnTime), (8 bytes).
    Removing taskled.o(.text.led_setOffTime), (24 bytes).
    Removing taskled.o(.ARM.exidx.text.led_setOffTime), (8 bytes).
    Removing taskled.o(.ARM.exidx.text.led_on), (8 bytes).
    Removing taskled.o(.ARM.exidx.text.led_toggle), (8 bytes).
    Removing taskled.o(.ARM.exidx.text.led_task), (8 bytes).
    Removing startup_stm32f429xx.o(HEAP), (512 bytes).
    Removing system_stm32f4xx.o(.text), (0 bytes).
    Removing system_stm32f4xx.o(.ARM.exidx.text.SystemInit), (8 bytes).
    Removing system_stm32f4xx.o(.ARM.exidx.text.SystemCoreClockUpdate), (8 bytes).
    Removing system_stm32f4xx.o(.rodata.APBPrescTable), (8 bytes).

32 unused section(s) (total 772 bytes) removed from the image.

==============================================================================

Image Symbol Table

    Local Symbols

    Symbol Name                              Value     Ov Type        Size  Object(Section)

    ../clib/microlib/init/entry.s            0x00000000   Number         0  entry.o ABSOLUTE
    ../clib/microlib/init/entry.s            0x00000000   Number         0  entry2.o ABSOLUTE
    ../clib/microlib/init/entry.s            0x00000000   Number         0  entry5.o ABSOLUTE
    ../clib/microlib/init/entry.s            0x00000000   Number         0  entry7a.o ABSOLUTE
    ../clib/microlib/init/entry.s            0x00000000   Number         0  entry7b.o ABSOLUTE
    ../clib/microlib/init/entry.s            0x00000000   Number         0  entry8a.o ABSOLUTE
    ../clib/microlib/init/entry.s            0x00000000   Number         0  entry8b.o ABSOLUTE
    ../clib/microlib/init/entry.s            0x00000000   Number         0  entry9a.o ABSOLUTE
    ../clib/microlib/init/entry.s            0x00000000   Number         0  entry9b.o ABSOLUTE
    ../clib/microlib/init/entry.s            0x00000000   Number         0  entry10a.o ABSOLUTE
    ../clib/microlib/init/entry.s            0x00000000   Number         0  entry10b.o ABSOLUTE
    ../clib/microlib/init/entry.s            0x00000000   Number         0  entry11a.o ABSOLUTE
    ../clib/microlib/init/entry.s            0x00000000   Number         0  entry11b.o ABSOLUTE
    ../clib/microlib/longlong.c              0x00000000   Number         0  llshl.o ABSOLUTE
    ../clib/microlib/longlong.c              0x00000000   Number         0  llushr.o ABSOLUTE
    ../clib/microlib/stubs.s                 0x00000000   Number         0  iusefp.o ABSOLUTE
    ../fplib/microlib/d2f.c                  0x00000000   Number         0  d2f.o ABSOLUTE
    ../fplib/microlib/f2d.c                  0x00000000   Number         0  f2d.o ABSOLUTE
    ../fplib/microlib/fpadd.c                0x00000000   Number         0  fadd.o ABSOLUTE
    ../fplib/microlib/fpdiv.c                0x00000000   Number         0  ddiv.o ABSOLUTE
    ../fplib/microlib/fpepilogue.c           0x00000000   Number         0  fepilogue.o ABSOLUTE
    ../fplib/microlib/fpepilogue.c           0x00000000   Number         0  depilogue.o ABSOLUTE
    ../fplib/microlib/fpfix.c                0x00000000   Number         0  ffixui.o ABSOLUTE
    ../fplib/microlib/fpflt.c                0x00000000   Number         0  fflti.o ABSOLUTE
    ../fplib/microlib/fpflt.c                0x00000000   Number         0  dfltui.o ABSOLUTE
    ../fplib/microlib/fpmul.c                0x00000000   Number         0  dmul.o ABSOLUTE
    ../fplib/microlib/fprnd.c                0x00000000   Number         0  frnd.o ABSOLUTE
    ../mathlib/round.c                       0x00000000   Number         0  roundf.o ABSOLUTE
    RTE\Device\STM32F429ZITx\startup_stm32f429xx.s 0x00000000   Number         0  startup_stm32f429xx.o ABSOLUTE
    dc.s                                     0x00000000   Number         0  dc.o ABSOLUTE
    handlers.s                               0x00000000   Number         0  handlers.o ABSOLUTE
    init.s                                   0x00000000   Number         0  init.o ABSOLUTE
    main.c                                   0x00000000   Number         0  main.o ABSOLUTE
    system.c                                 0x00000000   Number         0  system.o ABSOLUTE
    system_stm32f4xx.c                       0x00000000   Number         0  system_stm32f4xx.o ABSOLUTE
    taskLED.c                                0x00000000   Number         0  taskled.o ABSOLUTE
    taskUART.c                               0x00000000   Number         0  taskuart.o ABSOLUTE
    RESET                                    0x08000000   Section      428  startup_stm32f429xx.o(RESET)
    .ARM.Collect$$$$00000000                 0x080001ac   Section        0  entry.o(.ARM.Collect$$$$00000000)
    .ARM.Collect$$$$00000001                 0x080001ac   Section        4  entry2.o(.ARM.Collect$$$$00000001)
    .ARM.Collect$$$$00000004                 0x080001b0   Section        4  entry5.o(.ARM.Collect$$$$00000004)
    .ARM.Collect$$$$00000008                 0x080001b4   Section        0  entry7b.o(.ARM.Collect$$$$00000008)
    .ARM.Collect$$$$0000000A                 0x080001b4   Section        0  entry8b.o(.ARM.Collect$$$$0000000A)
    .ARM.Collect$$$$0000000B                 0x080001b4   Section        8  entry9a.o(.ARM.Collect$$$$0000000B)
    __lit__00000000                          0x080001bc   Data           4  entry2.o(.ARM.Collect$$$$00002712)
    .ARM.Collect$$$$0000000D                 0x080001bc   Section        0  entry10a.o(.ARM.Collect$$$$0000000D)
    .ARM.Collect$$$$0000000F                 0x080001bc   Section        0  entry11a.o(.ARM.Collect$$$$0000000F)
    .ARM.Collect$$$$00002712                 0x080001bc   Section        4  entry2.o(.ARM.Collect$$$$00002712)
    .text                                    0x080001c0   Section       36  startup_stm32f429xx.o(.text)
    .text                                    0x080001e4   Section        0  fadd.o(.text)
    .text                                    0x08000294   Section        0  dmul.o(.text)
    .text                                    0x08000378   Section        0  ddiv.o(.text)
    .text                                    0x08000456   Section        0  fflti.o(.text)
    .text                                    0x08000468   Section        0  dfltui.o(.text)
    .text                                    0x08000482   Section        0  ffixui.o(.text)
    .text                                    0x080004aa   Section        0  f2d.o(.text)
    .text                                    0x080004d0   Section        0  d2f.o(.text)
    .text                                    0x08000508   Section        0  iusefp.o(.text)
    .text                                    0x08000508   Section        0  fepilogue.o(.text)
    .text                                    0x08000576   Section        0  frnd.o(.text)
    .text                                    0x080005b2   Section        0  depilogue.o(.text)
    .text                                    0x0800066c   Section       36  init.o(.text)
    .text                                    0x08000690   Section        0  llshl.o(.text)
    .text                                    0x080006ae   Section        0  llushr.o(.text)
    SysTick_Config                           0x080006d1   Thumb Code    90  system.o(.text.SysTick_Config)
    [Anonymous Symbol]                       0x080006d0   Section        0  system.o(.text.SysTick_Config)
    [Anonymous Symbol]                       0x0800072c   Section        0  system.o(.text.SysTick_Handler)
    [Anonymous Symbol]                       0x0800073c   Section        0  system_stm32f4xx.o(.text.SystemCoreClockUpdate)
    [Anonymous Symbol]                       0x08000870   Section        0  system_stm32f4xx.o(.text.SystemInit)
    [Anonymous Symbol]                       0x08000880   Section        0  taskuart.o(.text.USART1_IRQHandler)
    __NVIC_EnableIRQ                         0x080008bd   Thumb Code    54  taskuart.o(.text.__NVIC_EnableIRQ)
    [Anonymous Symbol]                       0x080008bc   Section        0  taskuart.o(.text.__NVIC_EnableIRQ)
    __NVIC_SetPriority                       0x080008f5   Thumb Code    74  system.o(.text.__NVIC_SetPriority)
    [Anonymous Symbol]                       0x080008f4   Section        0  system.o(.text.__NVIC_SetPriority)
    __NVIC_SetPriority                       0x08000941   Thumb Code    74  taskuart.o(.text.__NVIC_SetPriority)
    [Anonymous Symbol]                       0x08000940   Section        0  taskuart.o(.text.__NVIC_SetPriority)
    __NVIC_SetPriorityGrouping               0x0800098d   Thumb Code    64  taskuart.o(.text.__NVIC_SetPriorityGrouping)
    [Anonymous Symbol]                       0x0800098c   Section        0  taskuart.o(.text.__NVIC_SetPriorityGrouping)
    [Anonymous Symbol]                       0x080009cc   Section        0  taskled.o(.text.led_init)
    [Anonymous Symbol]                       0x08000a04   Section        0  taskled.o(.text.led_off)
    [Anonymous Symbol]                       0x08000a18   Section        0  taskled.o(.text.led_on)
    [Anonymous Symbol]                       0x08000a2c   Section        0  taskled.o(.text.led_task)
    [Anonymous Symbol]                       0x08000b10   Section        0  taskled.o(.text.led_toggle)
    [Anonymous Symbol]                       0x08000b24   Section        0  main.o(.text.main)
    [Anonymous Symbol]                       0x08000b50   Section        0  system.o(.text.system_getTick)
    [Anonymous Symbol]                       0x08000b5c   Section        0  system.o(.text.system_init)
    [Anonymous Symbol]                       0x08000c34   Section        0  taskuart.o(.text.uart_init)
    [Anonymous Symbol]                       0x08000e40   Section        0  taskuart.o(.text.uart_task)
    i.__scatterload_copy                     0x08000e42   Section       14  handlers.o(i.__scatterload_copy)
    i.__scatterload_null                     0x08000e50   Section        2  handlers.o(i.__scatterload_null)
    i.__scatterload_zeroinit                 0x08000e52   Section       14  handlers.o(i.__scatterload_zeroinit)
    i.roundf                                 0x08000e60   Section        0  roundf.o(i.roundf)
    led_task.lastCall                        0x20000014   Data           4  taskled.o(.bss.led_task.lastCall)
    [Anonymous Symbol]                       0x20000014   Section        0  taskled.o(.bss.led_task.lastCall)
    led_task.waitTime                        0x20000018   Data           4  taskled.o(.bss.led_task.waitTime)
    [Anonymous Symbol]                       0x20000018   Section        0  taskled.o(.bss.led_task.waitTime)
    STACK                                    0x20000020   Section     1024  startup_stm32f429xx.o(STACK)

    Global Symbols

    Symbol Name                              Value     Ov Type        Size  Object(Section)

    BuildAttributes$$THM_ISAv4$E$P$D$K$B$S$7EM$PE$A:L22UL41UL21$X:L11$S22US41US21$IEEE1$IW$~IW$USESV6$~STKCKD$USESV7$~SHL$OTIME$ROPI$IEEEJ$EBA8$MICROLIB$REQ8$PRES8$EABIv2 0x00000000   Number         0  anon$$obj.o ABSOLUTE
    __cpp_initialize__aeabi_                  - Undefined Weak Reference
    __cxa_finalize                            - Undefined Weak Reference
    __decompress                              - Undefined Weak Reference
    _clock_init                               - Undefined Weak Reference
    _microlib_exit                            - Undefined Weak Reference
    __Vectors_Size                           0x000001ac   Number         0  startup_stm32f429xx.o ABSOLUTE
    __Vectors                                0x08000000   Data           4  startup_stm32f429xx.o(RESET)
    __Vectors_End                            0x080001ac   Data           0  startup_stm32f429xx.o(RESET)
    __main                                   0x080001ad   Thumb Code     0  entry.o(.ARM.Collect$$$$00000000)
    _main_stk                                0x080001ad   Thumb Code     0  entry2.o(.ARM.Collect$$$$00000001)
    _main_scatterload                        0x080001b1   Thumb Code     0  entry5.o(.ARM.Collect$$$$00000004)
    __main_after_scatterload                 0x080001b5   Thumb Code     0  entry5.o(.ARM.Collect$$$$00000004)
    _main_clock                              0x080001b5   Thumb Code     0  entry7b.o(.ARM.Collect$$$$00000008)
    _main_cpp_init                           0x080001b5   Thumb Code     0  entry8b.o(.ARM.Collect$$$$0000000A)
    _main_init                               0x080001b5   Thumb Code     0  entry9a.o(.ARM.Collect$$$$0000000B)
    __rt_final_cpp                           0x080001bd   Thumb Code     0  entry10a.o(.ARM.Collect$$$$0000000D)
    __rt_final_exit                          0x080001bd   Thumb Code     0  entry11a.o(.ARM.Collect$$$$0000000F)
    Reset_Handler                            0x080001c1   Thumb Code     8  startup_stm32f429xx.o(.text)
    NMI_Handler                              0x080001c9   Thumb Code     2  startup_stm32f429xx.o(.text)
    HardFault_Handler                        0x080001cb   Thumb Code     2  startup_stm32f429xx.o(.text)
    MemManage_Handler                        0x080001cd   Thumb Code     2  startup_stm32f429xx.o(.text)
    BusFault_Handler                         0x080001cf   Thumb Code     2  startup_stm32f429xx.o(.text)
    UsageFault_Handler                       0x080001d1   Thumb Code     2  startup_stm32f429xx.o(.text)
    SVC_Handler                              0x080001d3   Thumb Code     2  startup_stm32f429xx.o(.text)
    DebugMon_Handler                         0x080001d5   Thumb Code     2  startup_stm32f429xx.o(.text)
    PendSV_Handler                           0x080001d7   Thumb Code     2  startup_stm32f429xx.o(.text)
    ADC_IRQHandler                           0x080001db   Thumb Code     0  startup_stm32f429xx.o(.text)
    CAN1_RX0_IRQHandler                      0x080001db   Thumb Code     0  startup_stm32f429xx.o(.text)
    CAN1_RX1_IRQHandler                      0x080001db   Thumb Code     0  startup_stm32f429xx.o(.text)
    CAN1_SCE_IRQHandler                      0x080001db   Thumb Code     0  startup_stm32f429xx.o(.text)
    CAN1_TX_IRQHandler                       0x080001db   Thumb Code     0  startup_stm32f429xx.o(.text)
    CAN2_RX0_IRQHandler                      0x080001db   Thumb Code     0  startup_stm32f429xx.o(.text)
    CAN2_RX1_IRQHandler                      0x080001db   Thumb Code     0  startup_stm32f429xx.o(.text)
    CAN2_SCE_IRQHandler                      0x080001db   Thumb Code     0  startup_stm32f429xx.o(.text)
    CAN2_TX_IRQHandler                       0x080001db   Thumb Code     0  startup_stm32f429xx.o(.text)
    DCMI_IRQHandler                          0x080001db   Thumb Code     0  startup_stm32f429xx.o(.text)
    DMA1_Stream0_IRQHandler                  0x080001db   Thumb Code     0  startup_stm32f429xx.o(.text)
    DMA1_Stream1_IRQHandler                  0x080001db   Thumb Code     0  startup_stm32f429xx.o(.text)
    DMA1_Stream2_IRQHandler                  0x080001db   Thumb Code     0  startup_stm32f429xx.o(.text)
    DMA1_Stream3_IRQHandler                  0x080001db   Thumb Code     0  startup_stm32f429xx.o(.text)
    DMA1_Stream4_IRQHandler                  0x080001db   Thumb Code     0  startup_stm32f429xx.o(.text)
    DMA1_Stream5_IRQHandler                  0x080001db   Thumb Code     0  startup_stm32f429xx.o(.text)
    DMA1_Stream6_IRQHandler                  0x080001db   Thumb Code     0  startup_stm32f429xx.o(.text)
    DMA1_Stream7_IRQHandler                  0x080001db   Thumb Code     0  startup_stm32f429xx.o(.text)
    DMA2D_IRQHandler                         0x080001db   Thumb Code     0  startup_stm32f429xx.o(.text)
    DMA2_Stream0_IRQHandler                  0x080001db   Thumb Code     0  startup_stm32f429xx.o(.text)
    DMA2_Stream1_IRQHandler                  0x080001db   Thumb Code     0  startup_stm32f429xx.o(.text)
    DMA2_Stream2_IRQHandler                  0x080001db   Thumb Code     0  startup_stm32f429xx.o(.text)
    DMA2_Stream3_IRQHandler                  0x080001db   Thumb Code     0  startup_stm32f429xx.o(.text)
    DMA2_Stream4_IRQHandler                  0x080001db   Thumb Code     0  startup_stm32f429xx.o(.text)
    DMA2_Stream5_IRQHandler                  0x080001db   Thumb Code     0  startup_stm32f429xx.o(.text)
    DMA2_Stream6_IRQHandler                  0x080001db   Thumb Code     0  startup_stm32f429xx.o(.text)
    DMA2_Stream7_IRQHandler                  0x080001db   Thumb Code     0  startup_stm32f429xx.o(.text)
    ETH_IRQHandler                           0x080001db   Thumb Code     0  startup_stm32f429xx.o(.text)
    ETH_WKUP_IRQHandler                      0x080001db   Thumb Code     0  startup_stm32f429xx.o(.text)
    EXTI0_IRQHandler                         0x080001db   Thumb Code     0  startup_stm32f429xx.o(.text)
    EXTI15_10_IRQHandler                     0x080001db   Thumb Code     0  startup_stm32f429xx.o(.text)
    EXTI1_IRQHandler                         0x080001db   Thumb Code     0  startup_stm32f429xx.o(.text)
    EXTI2_IRQHandler                         0x080001db   Thumb Code     0  startup_stm32f429xx.o(.text)
    EXTI3_IRQHandler                         0x080001db   Thumb Code     0  startup_stm32f429xx.o(.text)
    EXTI4_IRQHandler                         0x080001db   Thumb Code     0  startup_stm32f429xx.o(.text)
    EXTI9_5_IRQHandler                       0x080001db   Thumb Code     0  startup_stm32f429xx.o(.text)
    FLASH_IRQHandler                         0x080001db   Thumb Code     0  startup_stm32f429xx.o(.text)
    FMC_IRQHandler                           0x080001db   Thumb Code     0  startup_stm32f429xx.o(.text)
    FPU_IRQHandler                           0x080001db   Thumb Code     0  startup_stm32f429xx.o(.text)
    HASH_RNG_IRQHandler                      0x080001db   Thumb Code     0  startup_stm32f429xx.o(.text)
    I2C1_ER_IRQHandler                       0x080001db   Thumb Code     0  startup_stm32f429xx.o(.text)
    I2C1_EV_IRQHandler                       0x080001db   Thumb Code     0  startup_stm32f429xx.o(.text)
    I2C2_ER_IRQHandler                       0x080001db   Thumb Code     0  startup_stm32f429xx.o(.text)
    I2C2_EV_IRQHandler                       0x080001db   Thumb Code     0  startup_stm32f429xx.o(.text)
    I2C3_ER_IRQHandler                       0x080001db   Thumb Code     0  startup_stm32f429xx.o(.text)
    I2C3_EV_IRQHandler                       0x080001db   Thumb Code     0  startup_stm32f429xx.o(.text)
    LTDC_ER_IRQHandler                       0x080001db   Thumb Code     0  startup_stm32f429xx.o(.text)
    LTDC_IRQHandler                          0x080001db   Thumb Code     0  startup_stm32f429xx.o(.text)
    OTG_FS_IRQHandler                        0x080001db   Thumb Code     0  startup_stm32f429xx.o(.text)
    OTG_FS_WKUP_IRQHandler                   0x080001db   Thumb Code     0  startup_stm32f429xx.o(.text)
    OTG_HS_EP1_IN_IRQHandler                 0x080001db   Thumb Code     0  startup_stm32f429xx.o(.text)
    OTG_HS_EP1_OUT_IRQHandler                0x080001db   Thumb Code     0  startup_stm32f429xx.o(.text)
    OTG_HS_IRQHandler                        0x080001db   Thumb Code     0  startup_stm32f429xx.o(.text)
    OTG_HS_WKUP_IRQHandler                   0x080001db   Thumb Code     0  startup_stm32f429xx.o(.text)
    PVD_IRQHandler                           0x080001db   Thumb Code     0  startup_stm32f429xx.o(.text)
    RCC_IRQHandler                           0x080001db   Thumb Code     0  startup_stm32f429xx.o(.text)
    RTC_Alarm_IRQHandler                     0x080001db   Thumb Code     0  startup_stm32f429xx.o(.text)
    RTC_WKUP_IRQHandler                      0x080001db   Thumb Code     0  startup_stm32f429xx.o(.text)
    SAI1_IRQHandler                          0x080001db   Thumb Code     0  startup_stm32f429xx.o(.text)
    SDIO_IRQHandler                          0x080001db   Thumb Code     0  startup_stm32f429xx.o(.text)
    SPI1_IRQHandler                          0x080001db   Thumb Code     0  startup_stm32f429xx.o(.text)
    SPI2_IRQHandler                          0x080001db   Thumb Code     0  startup_stm32f429xx.o(.text)
    SPI3_IRQHandler                          0x080001db   Thumb Code     0  startup_stm32f429xx.o(.text)
    SPI4_IRQHandler                          0x080001db   Thumb Code     0  startup_stm32f429xx.o(.text)
    SPI5_IRQHandler                          0x080001db   Thumb Code     0  startup_stm32f429xx.o(.text)
    SPI6_IRQHandler                          0x080001db   Thumb Code     0  startup_stm32f429xx.o(.text)
    TAMP_STAMP_IRQHandler                    0x080001db   Thumb Code     0  startup_stm32f429xx.o(.text)
    TIM1_BRK_TIM9_IRQHandler                 0x080001db   Thumb Code     0  startup_stm32f429xx.o(.text)
    TIM1_CC_IRQHandler                       0x080001db   Thumb Code     0  startup_stm32f429xx.o(.text)
    TIM1_TRG_COM_TIM11_IRQHandler            0x080001db   Thumb Code     0  startup_stm32f429xx.o(.text)
    TIM1_UP_TIM10_IRQHandler                 0x080001db   Thumb Code     0  startup_stm32f429xx.o(.text)
    TIM2_IRQHandler                          0x080001db   Thumb Code     0  startup_stm32f429xx.o(.text)
    TIM3_IRQHandler                          0x080001db   Thumb Code     0  startup_stm32f429xx.o(.text)
    TIM4_IRQHandler                          0x080001db   Thumb Code     0  startup_stm32f429xx.o(.text)
    TIM5_IRQHandler                          0x080001db   Thumb Code     0  startup_stm32f429xx.o(.text)
    TIM6_DAC_IRQHandler                      0x080001db   Thumb Code     0  startup_stm32f429xx.o(.text)
    TIM7_IRQHandler                          0x080001db   Thumb Code     0  startup_stm32f429xx.o(.text)
    TIM8_BRK_TIM12_IRQHandler                0x080001db   Thumb Code     0  startup_stm32f429xx.o(.text)
    TIM8_CC_IRQHandler                       0x080001db   Thumb Code     0  startup_stm32f429xx.o(.text)
    TIM8_TRG_COM_TIM14_IRQHandler            0x080001db   Thumb Code     0  startup_stm32f429xx.o(.text)
    TIM8_UP_TIM13_IRQHandler                 0x080001db   Thumb Code     0  startup_stm32f429xx.o(.text)
    UART4_IRQHandler                         0x080001db   Thumb Code     0  startup_stm32f429xx.o(.text)
    UART5_IRQHandler                         0x080001db   Thumb Code     0  startup_stm32f429xx.o(.text)
    UART7_IRQHandler                         0x080001db   Thumb Code     0  startup_stm32f429xx.o(.text)
    UART8_IRQHandler                         0x080001db   Thumb Code     0  startup_stm32f429xx.o(.text)
    USART2_IRQHandler                        0x080001db   Thumb Code     0  startup_stm32f429xx.o(.text)
    USART3_IRQHandler                        0x080001db   Thumb Code     0  startup_stm32f429xx.o(.text)
    USART6_IRQHandler                        0x080001db   Thumb Code     0  startup_stm32f429xx.o(.text)
    WWDG_IRQHandler                          0x080001db   Thumb Code     0  startup_stm32f429xx.o(.text)
    __aeabi_fadd                             0x080001e5   Thumb Code   164  fadd.o(.text)
    __aeabi_fsub                             0x08000289   Thumb Code     6  fadd.o(.text)
    __aeabi_frsub                            0x0800028f   Thumb Code     6  fadd.o(.text)
    __aeabi_dmul                             0x08000295   Thumb Code   228  dmul.o(.text)
    __aeabi_ddiv                             0x08000379   Thumb Code   222  ddiv.o(.text)
    __aeabi_i2f                              0x08000457   Thumb Code    18  fflti.o(.text)
    __aeabi_ui2d                             0x08000469   Thumb Code    26  dfltui.o(.text)
    __aeabi_f2uiz                            0x08000483   Thumb Code    40  ffixui.o(.text)
    __aeabi_f2d                              0x080004ab   Thumb Code    38  f2d.o(.text)
    __aeabi_d2f                              0x080004d1   Thumb Code    56  d2f.o(.text)
    __I$use$fp                               0x08000509   Thumb Code     0  iusefp.o(.text)
    _float_round                             0x08000509   Thumb Code    18  fepilogue.o(.text)
    _float_epilogue                          0x0800051b   Thumb Code    92  fepilogue.o(.text)
    _frnd                                    0x08000577   Thumb Code    60  frnd.o(.text)
    _double_round                            0x080005b3   Thumb Code    30  depilogue.o(.text)
    _double_epilogue                         0x080005d1   Thumb Code   156  depilogue.o(.text)
    __scatterload                            0x0800066d   Thumb Code    28  init.o(.text)
    __scatterload_rt2                        0x0800066d   Thumb Code     0  init.o(.text)
    __aeabi_llsl                             0x08000691   Thumb Code    30  llshl.o(.text)
    _ll_shift_l                              0x08000691   Thumb Code     0  llshl.o(.text)
    __aeabi_llsr                             0x080006af   Thumb Code    32  llushr.o(.text)
    _ll_ushift_r                             0x080006af   Thumb Code     0  llushr.o(.text)
    SysTick_Handler                          0x0800072d   Thumb Code    16  system.o(.text.SysTick_Handler)
    SystemCoreClockUpdate                    0x0800073d   Thumb Code   308  system_stm32f4xx.o(.text.SystemCoreClockUpdate)
    SystemInit                               0x08000871   Thumb Code    16  system_stm32f4xx.o(.text.SystemInit)
    USART1_IRQHandler                        0x08000881   Thumb Code    58  taskuart.o(.text.USART1_IRQHandler)
    led_init                                 0x080009cd   Thumb Code    56  taskled.o(.text.led_init)
    led_off                                  0x08000a05   Thumb Code    18  taskled.o(.text.led_off)
    led_on                                   0x08000a19   Thumb Code    18  taskled.o(.text.led_on)
    led_task                                 0x08000a2d   Thumb Code   228  taskled.o(.text.led_task)
    led_toggle                               0x08000b11   Thumb Code    18  taskled.o(.text.led_toggle)
    main                                     0x08000b25   Thumb Code    44  main.o(.text.main)
    system_getTick                           0x08000b51   Thumb Code    12  system.o(.text.system_getTick)
    system_init                              0x08000b5d   Thumb Code   216  system.o(.text.system_init)
    uart_init                                0x08000c35   Thumb Code   522  taskuart.o(.text.uart_init)
    uart_task                                0x08000e41   Thumb Code     2  taskuart.o(.text.uart_task)
    __scatterload_copy                       0x08000e43   Thumb Code    14  handlers.o(i.__scatterload_copy)
    __scatterload_null                       0x08000e51   Thumb Code     2  handlers.o(i.__scatterload_null)
    __scatterload_zeroinit                   0x08000e53   Thumb Code    14  handlers.o(i.__scatterload_zeroinit)
    roundf                                   0x08000e61   Thumb Code   114  roundf.o(i.roundf)
    AHBPrescTable                            0x08000ed2   Data          16  system_stm32f4xx.o(.rodata.AHBPrescTable)
    Region$$Table$$Base                      0x08000ee4   Number         0  anon$$obj.o(Region$$Table)
    Region$$Table$$Limit                     0x08000f04   Number         0  anon$$obj.o(Region$$Table)
    SystemCoreClock                          0x20000000   Data           4  system_stm32f4xx.o(.data.SystemCoreClock)
    led_offTime                              0x20000004   Data           4  taskled.o(.data.led_offTime)
    led_onTime                               0x20000008   Data           4  taskled.o(.data.led_onTime)
    led_taskState                            0x2000000c   Data           1  taskled.o(.data.led_taskState)
    SysTickVar                               0x20000010   Data           4  system.o(.bss.SysTickVar)
    uartRxChar                               0x2000001c   Data           1  taskuart.o(.bss.uartRxChar)
    __initial_sp                             0x20000420   Data           0  startup_stm32f429xx.o(STACK)



==============================================================================

Memory Map of the image

  Image Entry point : 0x080001c1

  Load Region LR_1 (Base: 0x08000000, Size: 0x00000f14, Max: 0xffffffff, ABSOLUTE)

    Execution Region ER_RO (Exec base: 0x08000000, Load base: 0x08000000, Size: 0x00000f04, Max: 0xffffffff, ABSOLUTE)

    Exec Addr    Load Addr    Size         Type   Attr      Idx    E Section Name        Object

    0x08000000   0x08000000   0x000001ac   Data   RO           81    RESET               startup_stm32f429xx.o
    0x080001ac   0x080001ac   0x00000000   Code   RO          105  * .ARM.Collect$$$$00000000  mc_w.l(entry.o)
    0x080001ac   0x080001ac   0x00000004   Code   RO          124    .ARM.Collect$$$$00000001  mc_w.l(entry2.o)
    0x080001b0   0x080001b0   0x00000004   Code   RO          127    .ARM.Collect$$$$00000004  mc_w.l(entry5.o)
    0x080001b4   0x080001b4   0x00000000   Code   RO          129    .ARM.Collect$$$$00000008  mc_w.l(entry7b.o)
    0x080001b4   0x080001b4   0x00000000   Code   RO          131    .ARM.Collect$$$$0000000A  mc_w.l(entry8b.o)
    0x080001b4   0x080001b4   0x00000008   Code   RO          132    .ARM.Collect$$$$0000000B  mc_w.l(entry9a.o)
    0x080001bc   0x080001bc   0x00000000   Code   RO          134    .ARM.Collect$$$$0000000D  mc_w.l(entry10a.o)
    0x080001bc   0x080001bc   0x00000000   Code   RO          136    .ARM.Collect$$$$0000000F  mc_w.l(entry11a.o)
    0x080001bc   0x080001bc   0x00000004   Code   RO          125    .ARM.Collect$$$$00002712  mc_w.l(entry2.o)
    0x080001c0   0x080001c0   0x00000024   Code   RO           82  * .text               startup_stm32f429xx.o
    0x080001e4   0x080001e4   0x000000b0   Code   RO          108    .text               mf_w.l(fadd.o)
    0x08000294   0x08000294   0x000000e4   Code   RO          110    .text               mf_w.l(dmul.o)
    0x08000378   0x08000378   0x000000de   Code   RO          112    .text               mf_w.l(ddiv.o)
    0x08000456   0x08000456   0x00000012   Code   RO          114    .text               mf_w.l(fflti.o)
    0x08000468   0x08000468   0x0000001a   Code   RO          116    .text               mf_w.l(dfltui.o)
    0x08000482   0x08000482   0x00000028   Code   RO          118    .text               mf_w.l(ffixui.o)
    0x080004aa   0x080004aa   0x00000026   Code   RO          120    .text               mf_w.l(f2d.o)
    0x080004d0   0x080004d0   0x00000038   Code   RO          122    .text               mf_w.l(d2f.o)
    0x08000508   0x08000508   0x00000000   Code   RO          138    .text               mc_w.l(iusefp.o)
    0x08000508   0x08000508   0x0000006e   Code   RO          139    .text               mf_w.l(fepilogue.o)
    0x08000576   0x08000576   0x0000003c   Code   RO          141    .text               mf_w.l(frnd.o)
    0x080005b2   0x080005b2   0x000000ba   Code   RO          143    .text               mf_w.l(depilogue.o)
    0x0800066c   0x0800066c   0x00000024   Code   RO          145    .text               mc_w.l(init.o)
    0x08000690   0x08000690   0x0000001e   Code   RO          147    .text               mc_w.l(llshl.o)
    0x080006ae   0x080006ae   0x00000020   Code   RO          149    .text               mc_w.l(llushr.o)
    0x080006ce   0x080006ce   0x00000002   PAD
    0x080006d0   0x080006d0   0x0000005a   Code   RO           17    .text.SysTick_Config  system.o
    0x0800072a   0x0800072a   0x00000002   PAD
    0x0800072c   0x0800072c   0x00000010   Code   RO           11    .text.SysTick_Handler  system.o
    0x0800073c   0x0800073c   0x00000134   Code   RO           91    .text.SystemCoreClockUpdate  system_stm32f4xx.o
    0x08000870   0x08000870   0x00000010   Code   RO           89    .text.SystemInit    system_stm32f4xx.o
    0x08000880   0x08000880   0x0000003a   Code   RO           30    .text.USART1_IRQHandler  taskuart.o
    0x080008ba   0x080008ba   0x00000002   PAD
    0x080008bc   0x080008bc   0x00000036   Code   RO           38    .text.__NVIC_EnableIRQ  taskuart.o
    0x080008f2   0x080008f2   0x00000002   PAD
    0x080008f4   0x080008f4   0x0000004a   Code   RO           19    .text.__NVIC_SetPriority  system.o
    0x0800093e   0x0800093e   0x00000002   PAD
    0x08000940   0x08000940   0x0000004a   Code   RO           36    .text.__NVIC_SetPriority  taskuart.o
    0x0800098a   0x0800098a   0x00000002   PAD
    0x0800098c   0x0800098c   0x00000040   Code   RO           34    .text.__NVIC_SetPriorityGrouping  taskuart.o
    0x080009cc   0x080009cc   0x00000038   Code   RO           51    .text.led_init      taskled.o
    0x08000a04   0x08000a04   0x00000012   Code   RO           53    .text.led_off       taskled.o
    0x08000a16   0x08000a16   0x00000002   PAD
    0x08000a18   0x08000a18   0x00000012   Code   RO           61    .text.led_on        taskled.o
    0x08000a2a   0x08000a2a   0x00000002   PAD
    0x08000a2c   0x08000a2c   0x000000e4   Code   RO           65    .text.led_task      taskled.o
    0x08000b10   0x08000b10   0x00000012   Code   RO           63    .text.led_toggle    taskled.o
    0x08000b22   0x08000b22   0x00000002   PAD
    0x08000b24   0x08000b24   0x0000002c   Code   RO            2    .text.main          main.o
    0x08000b50   0x08000b50   0x0000000c   Code   RO           13    .text.system_getTick  system.o
    0x08000b5c   0x08000b5c   0x000000d8   Code   RO           15    .text.system_init   system.o
    0x08000c34   0x08000c34   0x0000020a   Code   RO           32    .text.uart_init     taskuart.o
    0x08000e3e   0x08000e3e   0x00000002   PAD
    0x08000e40   0x08000e40   0x00000002   Code   RO           40    .text.uart_task     taskuart.o
    0x08000e42   0x08000e42   0x0000000e   Code   RO          153    i.__scatterload_copy  mc_w.l(handlers.o)
    0x08000e50   0x08000e50   0x00000002   Code   RO          154    i.__scatterload_null  mc_w.l(handlers.o)
    0x08000e52   0x08000e52   0x0000000e   Code   RO          155    i.__scatterload_zeroinit  mc_w.l(handlers.o)
    0x08000e60   0x08000e60   0x00000072   Code   RO          103    i.roundf            m_ws.l(roundf.o)
    0x08000ed2   0x08000ed2   0x00000010   Data   RO           94    .rodata.AHBPrescTable  system_stm32f4xx.o
    0x08000ee2   0x08000ee2   0x00000002   PAD
    0x08000ee4   0x08000ee4   0x00000020   Data   RO          152    Region$$Table       anon$$obj.o


    Execution Region ER_RW (Exec base: 0x20000000, Load base: 0x08000f04, Size: 0x00000010, Max: 0xffffffff, ABSOLUTE)

    Exec Addr    Load Addr    Size         Type   Attr      Idx    E Section Name        Object

    0x20000000   0x08000f04   0x00000004   Data   RW           93    .data.SystemCoreClock  system_stm32f4xx.o
    0x20000004   0x08000f08   0x00000004   Data   RW           68    .data.led_offTime   taskled.o
    0x20000008   0x08000f0c   0x00000004   Data   RW           67    .data.led_onTime    taskled.o
    0x2000000c   0x08000f10   0x00000001   Data   RW           69    .data.led_taskState  taskled.o


    Execution Region ER_ZI (Exec base: 0x20000010, Load base: 0x08000f14, Size: 0x00000410, Max: 0xffffffff, ABSOLUTE)

    Exec Addr    Load Addr    Size         Type   Attr      Idx    E Section Name        Object

    0x20000010        -       0x00000004   Zero   RW           21    .bss.SysTickVar     system.o
    0x20000014        -       0x00000004   Zero   RW           70    .bss.led_task.lastCall  taskled.o
    0x20000018        -       0x00000004   Zero   RW           71    .bss.led_task.waitTime  taskled.o
    0x2000001c        -       0x00000001   Zero   RW           42    .bss.uartRxChar     taskuart.o
    0x2000001d   0x08000f14   0x00000003   PAD
    0x20000020        -       0x00000400   Zero   RW           79    STACK               startup_stm32f429xx.o


==============================================================================

Image component sizes


      Code (inc. data)   RO Data    RW Data    ZI Data      Debug   Object Name

        44          0          0          0          0        647   main.o
        36          8        428          0       1024        820   startup_stm32f429xx.o
       408          0          0          0          4       5476   system.o
       324          0         16          4          0       2697   system_stm32f4xx.o
       338          0          0          9          8       2774   taskled.o
       774          0          0          0          1       6417   taskuart.o

    ----------------------------------------------------------------------
      1942          8        478         16       1040      18831   Object Totals
         0          0         32          0          0          0   (incl. Generated)
        18          0          2          3          3          0   (incl. Padding)

    ----------------------------------------------------------------------

      Code (inc. data)   RO Data    RW Data    ZI Data      Debug   Library Member Name

       114          0          0          0          0         80   roundf.o
         0          0          0          0          0          0   entry.o
         0          0          0          0          0          0   entry10a.o
         0          0          0          0          0          0   entry11a.o
         8          4          0          0          0          0   entry2.o
         4          0          0          0          0          0   entry5.o
         0          0          0          0          0          0   entry7b.o
         0          0          0          0          0          0   entry8b.o
         8          4          0          0          0          0   entry9a.o
        30          0          0          0          0          0   handlers.o
        36          8          0          0          0         68   init.o
         0          0          0          0          0          0   iusefp.o
        30          0          0          0          0         68   llshl.o
        32          0          0          0          0         68   llushr.o
        56          0          0          0          0         88   d2f.o
       222          0          0          0          0        100   ddiv.o
       186          0          0          0          0        176   depilogue.o
        26          0          0          0          0         76   dfltui.o
       228          0          0          0          0         96   dmul.o
        38          0          0          0          0         68   f2d.o
       176          0          0          0          0        140   fadd.o
       110          0          0          0          0        168   fepilogue.o
        40          0          0          0          0         68   ffixui.o
        18          0          0          0          0         68   fflti.o
        60          0          0          0          0         76   frnd.o

    ----------------------------------------------------------------------
      1424         16          0          0          0       1408   Library Totals
         2          0          0          0          0          0   (incl. Padding)

    ----------------------------------------------------------------------

      Code (inc. data)   RO Data    RW Data    ZI Data      Debug   Library Name

       114          0          0          0          0         80   m_ws.l
       148         16          0          0          0        204   mc_w.l
      1160          0          0          0          0       1124   mf_w.l

    ----------------------------------------------------------------------
      1424         16          0          0          0       1408   Library Totals

    ----------------------------------------------------------------------

==============================================================================


      Code (inc. data)   RO Data    RW Data    ZI Data      Debug   

      3366         24        478         16       1040      19703   Grand Totals
      3366         24        478         16       1040      19703   ELF Image Totals
      3366         24        478         16          0          0   ROM Totals

==============================================================================

    Total RO  Size (Code + RO Data)                 3844 (   3.75kB)
    Total RW  Size (RW Data + ZI Data)              1056 (   1.03kB)
    Total ROM Size (Code + RO Data + RW Data)       3860 (   3.77kB)

==============================================================================

